2025-06-09 03:01:48 - Intentando relacionar archivo 'Reserva_20 (7).pdf' con consulta ID: 21
2025-06-09 03:01:48 - ID de archivo obtenido: 27
2025-06-09 03:01:48 - Archivo relacionado correctamente con la consulta
2025-06-09 11:28:44 - Intentando relacionar archivo 'user-guide.pdf' con consulta ID: 22
2025-06-09 11:28:44 - ID de archivo obtenido: 60
2025-06-09 11:28:44 - Archivo relacionado correctamente con la consulta
2025-06-14 00:26:49 - Intentando relacionar archivo 'CONTRATO DE DESARROLLO DE SOFTWARE A MEDIDA.docx' con consulta ID: 23
2025-06-14 00:26:49 - ID de archivo obtenido: 61
2025-06-14 00:26:49 - Archivo relacionado correctamente con la consulta
2025-06-21 20:04:39 - Intentando relacionar archivo 'Reserva_41.pdf' con consulta ID: 26
2025-06-21 20:04:39 - ID de archivo obtenido: 63
2025-06-21 20:04:39 - Archivo relacionado correctamente con la consulta
2025-06-24 18:33:02 - Intentando relacionar archivo 'Reserva_41.pdf' con consulta ID: 27
2025-06-24 18:33:02 - ID de archivo obtenido: 64
2025-06-24 18:33:02 - Archivo relacionado correctamente con la consulta
2025-06-25 01:42:39 - Intentando relacionar archivo 'Reserva_20 (4).pdf' con consulta ID: 39
2025-06-25 01:42:39 - ID de archivo obtenido: 65
2025-06-25 01:42:39 - Archivo relacionado correctamente con la consulta
2025-06-25 02:41:45 - Intentando relacionar archivo 'Reserva_20 (8).pdf' con consulta ID: 40
2025-06-25 02:41:45 - ID de archivo obtenido: 66
2025-06-25 02:41:45 - Archivo relacionado correctamente con la consulta
2025-06-25 02:54:20 - Intentando relacionar archivo 'Reserva_20 (3).pdf' con consulta ID: 41
2025-06-25 02:54:20 - ID de archivo obtenido: 67
2025-06-25 02:54:20 - Archivo relacionado correctamente con la consulta
2025-06-25 03:14:08 - Intentando relacionar archivo 'Reserva_20 (6).pdf' con consulta ID: 43
2025-06-25 03:14:08 - ID de archivo obtenido: 68
2025-06-25 03:14:08 - Archivo relacionado correctamente con la consulta
2025-07-14 23:22:53 - Intentando relacionar archivo 'Guia_Trabajo_Practico_Tecnicos_Base_Datos_e_Internet.pdf' con consulta ID: 66
2025-07-14 23:22:53 - ID de archivo obtenido: 69
2025-07-14 23:22:53 - Archivo relacionado correctamente con la consulta
