POST data: {"action":"register","regDoc":"5464564","regName":"carlos","regLastName":"ruiz","regEmail":"carlos@carlos.com","regTel":"342534543","regPassword":"******","regConfirmPassword":"******","acceptTerms":"on"}ctrRegisterUser: Función llamada. POST: {"action":"register","regDoc":"5464564","regName":"carlos","regLastName":"ruiz","regEmail":"carlos@carlos.com","regTel":"342534543","regPassword":"******","regConfirmPassword":"******","acceptTerms":"on"}ctrRegisterUser: Datos del usuario procesados: {"nombre":"carlos","apellido":"ruiz","email":"carlos@carlos.com","documento":"5464564","telefono":"342534543"}mdlVerificarEmailExistente: Verificando si el email carlos@carlos.com ya está registradomdlVerificarEmailExistente: Error al verificar email: SQLSTATE[42P01]: Undefined table: 7 ERROR:  relation "reservas_pacientes_auth" does not exist
LINE 1: SELECT COUNT(*) FROM reservas_pacientes_auth WHERE email = $...
                             ^mdlRegistrarUsuario: Registrando nuevo usuario con email carlos@carlos.commdlRegistrarUsuario: Error de base de datos: SQLSTATE[42703]: Undefined column: 7 ERROR:  column "phone" of relation "rh_person" does not exist
LINE 2: ...  (first_name, last_name, document_number, email, phone, cre...
                                                             ^ctrRegisterUser: Resultado del registro: {"error":true,"mensaje":"Error en el proceso de registro: SQLSTATE[42703]: Undefined column: 7 ERROR:  column \"phone\" of relation \"rh_person\" does not exist\nLINE 2: ...  (first_name, last_name, document_number, email, phone, cre...\n                                                             ^"}ctrRegisterUser: Error al registrar usuarioResultado de registro en index.php: {"error":true,"mensaje":"Error en el proceso de registro: SQLSTATE[42703]: Undefined column: 7 ERROR:  column \"phone\" of relation \"rh_person\" does not exist\nLINE 2: ...  (first_name, last_name, document_number, email, phone, cre...\n                                                             ^"}POST data: {"action":"login","email":"rola@rola.com","password":"******"}ctrLoginUser: Función llamada. POST: {"action":"login","email":"rola@rola.com","password":"ad01ac09c16bf1fe26baad37ed69d515"}ctrLoginUser: Iniciando login para email: rola@rola.commdlVerificarUsuario: Verificando usuario con email rola@rola.commdlVerificarUsuario: Error de base de datos: SQLSTATE[42P01]: Undefined table: 7 ERROR:  relation "reservas_pacientes_auth" does not exist
LINE 7:                     reservas_pacientes_auth pr
                            ^ctrLoginUser: Resultado verificación usuario: {"error":true,"mensaje":"Error en el proceso de login: SQLSTATE[42P01]: Undefined table: 7 ERROR:  relation \"reservas_pacientes_auth\" does not exist\nLINE 7:                     reservas_pacientes_auth pr\n                            ^"}ctrLoginUser: Error de login: Error en el proceso de login: SQLSTATE[42P01]: Undefined table: 7 ERROR:  relation "reservas_pacientes_auth" does not exist
LINE 7:                     reservas_pacientes_auth pr
                            ^Resultado de login en index.php: {"error":true,"mensaje":"Error en el proceso de login: SQLSTATE[42P01]: Undefined table: 7 ERROR:  relation \"reservas_pacientes_auth\" does not exist\nLINE 7:                     reservas_pacientes_auth pr\n                            ^"}mdlObtenerPacientePorId: Error al buscar paciente: SQLSTATE[42P01]: Undefined table: 7 ERROR:  relation "reservas_pacientes_auth" does not exist
LINE 12:                     reservas_pacientes_auth pa ON p.person_i...
                             ^mdlObtenerPacientePorId: Error al buscar paciente: SQLSTATE[42P01]: Undefined table: 7 ERROR:  relation "reservas_pacientes_auth" does not exist
LINE 12:                     reservas_pacientes_auth pa ON p.person_i...
                             ^mdlObtenerPacientePorId: Error al buscar paciente: SQLSTATE[42P01]: Undefined table: 7 ERROR:  relation "reservas_pacientes_auth" does not exist
LINE 12:                     reservas_pacientes_auth pa ON p.person_i...
                             ^mdlObtenerPacientePorId: Error al buscar paciente: SQLSTATE[42P01]: Undefined table: 7 ERROR:  relation "reservas_pacientes_auth" does not exist
LINE 12:                     reservas_pacientes_auth pa ON p.person_i...
                             ^mdlObtenerPacientePorId: Error al buscar paciente: SQLSTATE[42P01]: Undefined table: 7 ERROR:  relation "reservas_pacientes_auth" does not exist
LINE 12:                     reservas_pacientes_auth pa ON p.person_i...
                             ^mdlObtenerPacientePorId: Error al buscar paciente: SQLSTATE[42P01]: Undefined table: 7 ERROR:  relation "reservas_pacientes_auth" does not exist
LINE 12:                     reservas_pacientes_auth pa ON p.person_i...
                             ^mdlObtenerPacientePorId: Error al buscar paciente: SQLSTATE[42P01]: Undefined table: 7 ERROR:  relation "reservas_pacientes_auth" does not exist
LINE 12:                     reservas_pacientes_auth pa ON p.person_i...
                             ^mdlObtenerPacienteDesdeUsuario: Buscando perfil de usuario con ID 15mdlObtenerPacienteDesdeUsuario: Perfil encontrado para person_id: 73mdlObtenerPacienteDesdeUsuario: Datos completos: {"person_id":73,"document_number":"456213","birth_date":"1995-05-04","first_name":"manu","last_name":"gonzales","phone_number":"09823133225","gender":"M","record_number":null,"address":"Ytumi caacupe","email":"manu@manu.com","department_id":null,"city_id":null,"is_minor":false,"guardian_name":null,"guardian_document":null,"created_at":"2025-07-01 22:10:37.722822-04","registered_by":null,"modified_by":null,"last_modified_at":"2025-07-02 00:06:49.50489-04","last_accessed_at":null,"owner_id":null,"is_active":false,"business_id":null,"profile_photo":null}mdlObtenerPacientePorId: Error al buscar paciente: SQLSTATE[42P01]: Undefined table: 7 ERROR:  relation "reservas_pacientes_auth" does not exist
LINE 12:                     reservas_pacientes_auth pa ON p.person_i...
                             ^mdlObtenerPacientePorId: Error al buscar paciente: SQLSTATE[42P01]: Undefined table: 7 ERROR:  relation "reservas_pacientes_auth" does not exist
LINE 12:                     reservas_pacientes_auth pa ON p.person_i...
                             ^mdlObtenerPacientePorId: Error al buscar paciente: SQLSTATE[42P01]: Undefined table: 7 ERROR:  relation "reservas_pacientes_auth" does not exist
LINE 12:                     reservas_pacientes_auth pa ON p.person_i...
                             ^mdlObtenerPacientePorId: Error al buscar paciente: SQLSTATE[42P01]: Undefined table: 7 ERROR:  relation "reservas_pacientes_auth" does not exist
LINE 12:                     reservas_pacientes_auth pa ON p.person_i...
                             ^mdlObtenerPacientePorId: Error al buscar paciente: SQLSTATE[42P01]: Undefined table: 7 ERROR:  relation "reservas_pacientes_auth" does not exist
LINE 12:                     reservas_pacientes_auth pa ON p.person_i...
                             ^mdlObtenerPacientePorId: Error al buscar paciente: SQLSTATE[42P01]: Undefined table: 7 ERROR:  relation "reservas_pacientes_auth" does not exist
LINE 12:                     reservas_pacientes_auth pa ON p.person_i...
                             ^mdlObtenerPacienteDesdeUsuario: Buscando perfil de usuario con ID 9mdlObtenerPacienteDesdeUsuario: Perfil encontrado para person_id: 58mdlObtenerPacienteDesdeUsuario: Datos completos: {"person_id":58,"document_number":"3654123","birth_date":"1995-06-04","first_name":"angel","last_name":"isnardi","phone_number":"0982313359","gender":"M","record_number":"7985465123","address":"asuncion","email":"angel@angel.com","department_id":2,"city_id":2,"is_minor":false,"guardian_name":null,"guardian_document":null,"created_at":"2025-06-09 07:17:19.294402-04","registered_by":null,"modified_by":null,"last_modified_at":"2025-06-09 07:18:25-04","last_accessed_at":null,"owner_id":null,"is_active":true,"business_id":null,"profile_photo":null}mdlObtenerPacientePorId: Error al buscar paciente: SQLSTATE[42P01]: Undefined table: 7 ERROR:  relation "reservas_pacientes_auth" does not exist
LINE 12:                     reservas_pacientes_auth pa ON p.person_i...
                             ^mdlObtenerPacienteDesdeUsuario: Buscando perfil de usuario con ID 15mdlObtenerPacienteDesdeUsuario: Perfil encontrado para person_id: 73mdlObtenerPacienteDesdeUsuario: Datos completos: {"person_id":73,"document_number":"456213","birth_date":"1995-05-04","first_name":"manu","last_name":"gonzales","phone_number":"09823133225","gender":"M","record_number":null,"address":"Ytumi caacupe","email":"manu@manu.com","department_id":null,"city_id":null,"is_minor":false,"guardian_name":null,"guardian_document":null,"created_at":"2025-07-01 22:10:37.722822-04","registered_by":null,"modified_by":null,"last_modified_at":"2025-07-02 00:06:49.50489-04","last_accessed_at":null,"owner_id":null,"is_active":false,"business_id":null,"profile_photo":null}mdlObtenerPacientePorId: Error al buscar paciente: SQLSTATE[42P01]: Undefined table: 7 ERROR:  relation "reservas_pacientes_auth" does not exist
LINE 12:                     reservas_pacientes_auth pa ON p.person_i...
                             ^mdlObtenerPacientePorId: Error al buscar paciente: SQLSTATE[42P01]: Undefined table: 7 ERROR:  relation "reservas_pacientes_auth" does not exist
LINE 12:                     reservas_pacientes_auth pa ON p.person_i...
                             ^mdlObtenerPacientePorId: Error al buscar paciente: SQLSTATE[42P01]: Undefined table: 7 ERROR:  relation "reservas_pacientes_auth" does not exist
LINE 12:                     reservas_pacientes_auth pa ON p.person_i...
                             ^mdlObtenerPacientePorId: Error al buscar paciente: SQLSTATE[42P01]: Undefined table: 7 ERROR:  relation "reservas_pacientes_auth" does not exist
LINE 12:                     reservas_pacientes_auth pa ON p.person_i...
                             ^mdlObtenerPacientePorId: Error al buscar paciente: SQLSTATE[42P01]: Undefined table: 7 ERROR:  relation "reservas_pacientes_auth" does not exist
LINE 12:                     reservas_pacientes_auth pa ON p.person_i...
                             ^mdlObtenerPacientePorId: Error al buscar paciente: SQLSTATE[42P01]: Undefined table: 7 ERROR:  relation "reservas_pacientes_auth" does not exist
LINE 12:                     reservas_pacientes_auth pa ON p.person_i...
                             ^mdlObtenerPacientePorId: Error al buscar paciente: SQLSTATE[42P01]: Undefined table: 7 ERROR:  relation "reservas_pacientes_auth" does not exist
LINE 12:                     reservas_pacientes_auth pa ON p.person_i...
                             ^mdlObtenerPacientePorId: Error al buscar paciente: SQLSTATE[42P01]: Undefined table: 7 ERROR:  relation "reservas_pacientes_auth" does not exist
LINE 12:                     reservas_pacientes_auth pa ON p.person_i...
                             ^mdlObtenerPacientePorId: Error al buscar paciente: SQLSTATE[42P01]: Undefined table: 7 ERROR:  relation "reservas_pacientes_auth" does not exist
LINE 12:                     reservas_pacientes_auth pa ON p.person_i...
                             ^mdlObtenerPacientePorId: Error al buscar paciente: SQLSTATE[42P01]: Undefined table: 7 ERROR:  relation "reservas_pacientes_auth" does not exist
LINE 12:                     reservas_pacientes_auth pa ON p.person_i...
                             ^mdlObtenerPacienteDesdeUsuario: Buscando perfil de usuario con ID 16mdlObtenerPacienteDesdeUsuario: No se encontró perfil para el usuario con ID 16mdlObtenerPacientePorId: Error al buscar paciente: SQLSTATE[42P01]: Undefined table: 7 ERROR:  relation "reservas_pacientes_auth" does not exist
LINE 12:                     reservas_pacientes_auth pa ON p.person_i...
                             ^mdlObtenerPacienteDesdeUsuario: Buscando perfil de usuario con ID 16mdlObtenerPacienteDesdeUsuario: No se encontró perfil para el usuario con ID 16mdlObtenerPacientePorId: Error al buscar paciente: SQLSTATE[42P01]: Undefined table: 7 ERROR:  relation "reservas_pacientes_auth" does not exist
LINE 12:                     reservas_pacientes_auth pa ON p.person_i...
                             ^mdlObtenerPacienteDesdeUsuario: Buscando perfil de usuario con ID 16mdlObtenerPacienteDesdeUsuario: Perfil encontrado para person_id: 75mdlObtenerPacienteDesdeUsuario: Datos completos: {"person_id":75,"document_number":"777777777","birth_date":"1998-05-01","first_name":"Tony","last_name":"Ullon","phone_number":"0982313358","gender":"M","record_number":null,"address":"luque","email":"tony@tony.com","department_id":null,"city_id":null,"is_minor":false,"guardian_name":null,"guardian_document":null,"created_at":"2025-07-02 21:37:33.57238-04","registered_by":null,"modified_by":null,"last_modified_at":null,"last_accessed_at":null,"owner_id":null,"is_active":false,"business_id":null,"profile_photo":null}mdlObtenerPacientePorId: Error al buscar paciente: SQLSTATE[42P01]: Undefined table: 7 ERROR:  relation "reservas_pacientes_auth" does not exist
LINE 12:                     reservas_pacientes_auth pa ON p.person_i...
                             ^mdlObtenerPacientePorId: Error al buscar paciente: SQLSTATE[42P01]: Undefined table: 7 ERROR:  relation "reservas_pacientes_auth" does not exist
LINE 12:                     reservas_pacientes_auth pa ON p.person_i...
                             ^mdlObtenerPacientePorId: Error al buscar paciente: SQLSTATE[42P01]: Undefined table: 7 ERROR:  relation "reservas_pacientes_auth" does not exist
LINE 12:                     reservas_pacientes_auth pa ON p.person_i...
                             ^mdlObtenerPacienteDesdeUsuario: Buscando perfil de usuario con ID 9mdlObtenerPacienteDesdeUsuario: Perfil encontrado para person_id: 58mdlObtenerPacienteDesdeUsuario: Datos completos: {"person_id":58,"document_number":"3654123","birth_date":"1995-06-04","first_name":"angel","last_name":"isnardi","phone_number":"0982313359","gender":"M","record_number":"7985465123","address":"asuncion","email":"angel@angel.com","department_id":2,"city_id":2,"is_minor":false,"guardian_name":null,"guardian_document":null,"created_at":"2025-06-09 07:17:19.294402-04","registered_by":null,"modified_by":null,"last_modified_at":"2025-06-09 07:18:25-04","last_accessed_at":null,"owner_id":null,"is_active":true,"business_id":null,"profile_photo":null}POST data: {"action":"register","regName":"guido","regLastName":"ruiz","regEmail":"guido@guido.com","regDoc":"5004615","regTel":"0982313358","regPassword":"******","regConfirmPassword":"******","acceptTerms":"on"}ctrRegisterUser: Función llamada. POST: {"action":"register","regName":"guido","regLastName":"ruiz","regEmail":"guido@guido.com","regDoc":"5004615","regTel":"0982313358","regPassword":"******","regConfirmPassword":"******","acceptTerms":"on"}ctrRegisterUser: Datos del usuario procesados: {"nombre":"guido","apellido":"ruiz","email":"guido@guido.com","documento":"5004615","telefono":"0982313358"}mdlVerificarEmailExistente: Verificando si el email guido@guido.com ya está registradomdlVerificarEmailExistente: Error al verificar email: SQLSTATE[42P01]: Undefined table: 7 ERROR:  relation "reservas_pacientes_auth" does not exist
LINE 1: SELECT COUNT(*) FROM reservas_pacientes_auth WHERE email = $...
                             ^mdlRegistrarUsuario: Registrando nuevo usuario con email guido@guido.commdlRegistrarUsuario: Error de base de datos: SQLSTATE[42703]: Undefined column: 7 ERROR:  column "phone" of relation "rh_person" does not exist
LINE 2: ...  (first_name, last_name, document_number, email, phone, cre...
                                                             ^ctrRegisterUser: Resultado del registro: {"error":true,"mensaje":"Error en el proceso de registro: SQLSTATE[42703]: Undefined column: 7 ERROR:  column \"phone\" of relation \"rh_person\" does not exist\nLINE 2: ...  (first_name, last_name, document_number, email, phone, cre...\n                                                             ^"}ctrRegisterUser: Error al registrar usuarioResultado de registro en index.php: {"error":true,"mensaje":"Error en el proceso de registro: SQLSTATE[42703]: Undefined column: 7 ERROR:  column \"phone\" of relation \"rh_person\" does not exist\nLINE 2: ...  (first_name, last_name, document_number, email, phone, cre...\n                                                             ^"}POST data: {"action":"register","regName":"guido","regLastName":"ruiz","regEmail":"guido@guido.com","regDoc":"5004615","regTel":"0982313583","regBdate":"1995-01-04","acceptTerms":"on"}ctrRegisterUser: Función llamada. POST: {"action":"register","regName":"guido","regLastName":"ruiz","regEmail":"guido@guido.com","regDoc":"5004615","regTel":"0982313583","regBdate":"1995-01-04","acceptTerms":"on"}ctrRegisterUser: Datos del usuario procesados: {"nombre":"guido","apellido":"ruiz","email":"guido@guido.com","documento":"5004615","telefono":"0982313583"}mdlVerificarEmailExistente: Verificando si el email guido@guido.com ya está registradomdlVerificarEmailExistente: Email ya existe: nomdlRegistrarUsuario: Registrando nuevo usuario con email guido@guido.commdlRegistrarUsuario: Error de base de datos: SQLSTATE[23502]: Not null violation: 7 ERROR:  null value in column "birth_date" of relation "rh_person" violates not-null constraint
DETAIL:  Failing row contains (78, 5004615, null, guido, ruiz, 0982313583, null, null, null, guido@guido.com, null, null, f, null, null, 2025-07-19 14:13:06.877276-04, null, null, null, null, null, f, null, null).ctrRegisterUser: Resultado del registro: {"error":true,"mensaje":"Error en el proceso de registro: SQLSTATE[23502]: Not null violation: 7 ERROR:  null value in column \"birth_date\" of relation \"rh_person\" violates not-null constraint\nDETAIL:  Failing row contains (78, 5004615, null, guido, ruiz, 0982313583, null, null, null, guido@guido.com, null, null, f, null, null, 2025-07-19 14:13:06.877276-04, null, null, null, null, null, f, null, null)."}ctrRegisterUser: Error al registrar usuarioResultado de registro en index.php: {"error":true,"mensaje":"Error en el proceso de registro: SQLSTATE[23502]: Not null violation: 7 ERROR:  null value in column \"birth_date\" of relation \"rh_person\" violates not-null constraint\nDETAIL:  Failing row contains (78, 5004615, null, guido, ruiz, 0982313583, null, null, null, guido@guido.com, null, null, f, null, null, 2025-07-19 14:13:06.877276-04, null, null, null, null, null, f, null, null)."}POST data: {"action":"register","regName":"carlos","regLastName":"andres","regEmail":"carlos@carlos.com","regDoc":"5004615","regTel":"09823135","regBdate":"1995-08-04","acceptTerms":"on"}ctrRegisterUser: Función llamada. POST: {"action":"register","regName":"carlos","regLastName":"andres","regEmail":"carlos@carlos.com","regDoc":"5004615","regTel":"09823135","regBdate":"1995-08-04","acceptTerms":"on"}ctrRegisterUser: Datos del usuario procesados: {"nombre":"carlos","apellido":"andres","email":"carlos@carlos.com","documento":"5004615","telefono":"09823135"}mdlVerificarEmailExistente: Verificando si el email carlos@carlos.com ya está registradomdlVerificarEmailExistente: Email ya existe: nomdlRegistrarUsuario: Registrando nuevo usuario con email carlos@carlos.commdlRegistrarUsuario: Registro exitoso para usuario con ID 79ctrRegisterUser: Resultado del registro: {"error":false,"paciente_id":"79","mensaje":"Usuario registrado con \u00e9xito"}❌ Error al enviar correo: SMTP Error: Could not authenticate.ctrRegisterUser: Credenciales enviadas por correo a: carlos@carlos.comctrRegisterUser: Registro exitoso para: carlos@carlos.comctrRegisterUser: Registro exitoso con redirección: {"error":false,"mensaje":"\u00a1Registro exitoso! Bienvenido\/a, carlos","redirect":"index.php?accion=reservar"}Resultado de registro en index.php: {"error":false,"mensaje":"\u00a1Registro exitoso! Bienvenido\/a, carlos","redirect":"index.php?accion=reservar"}mdlObtenerPacientePorId: Buscando paciente con ID 79mdlObtenerPacientePorId: Paciente encontrado: carlos andresmdlObtenerPacientePorId: Buscando paciente con ID 79mdlObtenerPacientePorId: Paciente encontrado: carlos andresPOST data: {"action":"register","regName":"carlos","regLastName":"andres","regEmail":"carlos@carlos.com","regDoc":"5004615","regTel":"0982313358","regBdate":"1995-05-04","acceptTerms":"on"}ctrRegisterUser: Función llamada. POST: {"action":"register","regName":"carlos","regLastName":"andres","regEmail":"carlos@carlos.com","regDoc":"5004615","regTel":"0982313358","regBdate":"1995-05-04","acceptTerms":"on"}ctrRegisterUser: Datos del usuario procesados: {"nombre":"carlos","apellido":"andres","email":"carlos@carlos.com","documento":"5004615","telefono":"0982313358"}mdlVerificarEmailExistente: Verificando si el email carlos@carlos.com ya está registradomdlVerificarEmailExistente: Email ya existe: síctrRegisterUser: El email ya está registrado: carlos@carlos.comResultado de registro en index.php: {"error":true,"mensaje":"El email ya est\u00e1 registrado en el sistema"}POST data: {"action":"register","regName":"carlos","regLastName":"andres","regEmail":"carlosandres@carlos.com","regDoc":"5004615","regTel":"0982313358","regBdate":"1995-05-04","acceptTerms":"on"}ctrRegisterUser: Función llamada. POST: {"action":"register","regName":"carlos","regLastName":"andres","regEmail":"carlosandres@carlos.com","regDoc":"5004615","regTel":"0982313358","regBdate":"1995-05-04","acceptTerms":"on"}ctrRegisterUser: Datos del usuario procesados: {"nombre":"carlos","apellido":"andres","email":"carlosandres@carlos.com","documento":"5004615","telefono":"0982313358"}mdlVerificarEmailExistente: Verificando si el email carlosandres@carlos.com ya está registradomdlVerificarEmailExistente: Email ya existe: nomdlRegistrarUsuario: Registrando nuevo usuario con email carlosandres@carlos.commdlRegistrarUsuario: Registro exitoso para usuario con ID 80ctrRegisterUser: Resultado del registro: {"error":false,"paciente_id":"80","mensaje":"Usuario registrado con \u00e9xito"}❌ Error al enviar correo: SMTP Error: Could not authenticate.ctrRegisterUser: Credenciales enviadas por correo a: carlosandres@carlos.comctrRegisterUser: Registro exitoso para: carlosandres@carlos.com. Usuario debe hacer login manual.ctrRegisterUser: Registro exitoso sin inicio de sesión automático: {"error":false,"mensaje":"\u00a1Registro exitoso! Hemos enviado sus credenciales de acceso a carlosandres@carlos.com. Por favor, revise su correo e inicie sesi\u00f3n.","email_sent":true,"redirect_to_login":true}Resultado de registro en index.php: {"error":false,"mensaje":"\u00a1Registro exitoso! Hemos enviado sus credenciales de acceso a carlosandres@carlos.com. Por favor, revise su correo e inicie sesi\u00f3n.","email_sent":true,"redirect_to_login":true}POST data: {"action":"register","regName":"guido","regLastName":"ruiz","regEmail":"guidoruiz@guido.com","regDoc":"5004615","regTel":"189475464","regBdate":"1995-08-04","acceptTerms":"on"}ctrRegisterUser: Función llamada. POST: {"action":"register","regName":"guido","regLastName":"ruiz","regEmail":"guidoruiz@guido.com","regDoc":"5004615","regTel":"189475464","regBdate":"1995-08-04","acceptTerms":"on"}ctrRegisterUser: Datos del usuario procesados: {"nombre":"guido","apellido":"ruiz","email":"guidoruiz@guido.com","documento":"5004615","telefono":"189475464"}mdlVerificarEmailExistente: Verificando si el email guidoruiz@guido.com ya está registradomdlVerificarEmailExistente: Email ya existe: nomdlRegistrarUsuario: Registrando nuevo usuario con email guidoruiz@guido.commdlRegistrarUsuario: Registro exitoso para usuario con ID 81ctrRegisterUser: Resultado del registro: {"error":false,"paciente_id":"81","mensaje":"Usuario registrado con \u00e9xito"}enviarCredencialesPorCorreo: Iniciando envío de email a: guidoruiz@guido.comenviarCredencialesPorCorreo: Configuración SMTP establecidaenviarCredencialesPorCorreo: Intentando enviar email...PHPMailer Debug: SERVER -> CLIENT: 220 smtp.mailtrap.io ESMTP ready
PHPMailer Debug: CLIENT -> SERVER: EHLO clinica.test
PHPMailer Debug: SERVER -> CLIENT: 250-smtp.mailtrap.io
250-SIZE 5242880
250-PIPELINING
250-ENHANCEDSTATUSCODES
250-8BITMIME
250-DSN
250-AUTH PLAIN LOGIN CRAM-MD5
250 STARTTLS
PHPMailer Debug: CLIENT -> SERVER: STARTTLS
PHPMailer Debug: SERVER -> CLIENT: 220 2.0.0 Start TLS
PHPMailer Debug: CLIENT -> SERVER: EHLO clinica.test
PHPMailer Debug: SERVER -> CLIENT: 250-smtp.mailtrap.io
250-SIZE 5242880
250-PIPELINING
250-ENHANCEDSTATUSCODES
250-8BITMIME
250-DSN
250 AUTH PLAIN LOGIN CRAM-MD5
PHPMailer Debug: CLIENT -> SERVER: AUTH CRAM-MD5
PHPMailer Debug: SERVER -> CLIENT: 334 PDEyMDY5OTE3MTYuMTc1Mjk0OTU0MEBzbXRwLm1haWx0cmFwLmlvPg==
PHPMailer Debug: CLIENT -> SERVER: [credentials hidden]PHPMailer Debug: SERVER -> CLIENT: 235 2.0.0 OK
PHPMailer Debug: CLIENT -> SERVER: MAIL FROM:<noreply@miclinica.com>
PHPMailer Debug: SERVER -> CLIENT: 250 2.1.0 Ok
PHPMailer Debug: CLIENT -> SERVER: RCPT TO:<guidoruiz@guido.com>
PHPMailer Debug: SERVER -> CLIENT: 250 2.1.0 Ok
PHPMailer Debug: CLIENT -> SERVER: DATA
PHPMailer Debug: SERVER -> CLIENT: 354 Go ahead
PHPMailer Debug: CLIENT -> SERVER: Date: Sat, 19 Jul 2025 18:25:39 +0000
PHPMailer Debug: CLIENT -> SERVER: To: guido ruiz <guidoruiz@guido.com>
PHPMailer Debug: CLIENT -> SERVER: From: MiClinica - Sistema de Reservas <noreply@miclinica.com>
PHPMailer Debug: CLIENT -> SERVER: Subject: =?UTF-8?Q?=C2=A1Bienvenido_a_MiClinica!_-_Sus_credenciales_de_acceso?=
PHPMailer Debug: CLIENT -> SERVER: Message-ID: <o1FSX2WWCkRusagwvkvecdC8qu5G6j5nAnXkHwfQA@clinica.test>
PHPMailer Debug: CLIENT -> SERVER: X-Mailer: PHPMailer 6.10.0 (https://github.com/PHPMailer/PHPMailer)
PHPMailer Debug: CLIENT -> SERVER: MIME-Version: 1.0
PHPMailer Debug: CLIENT -> SERVER: Content-Type: multipart/alternative;
PHPMailer Debug: CLIENT -> SERVER:  boundary="b1=_o1FSX2WWCkRusagwvkvecdC8qu5G6j5nAnXkHwfQA"
PHPMailer Debug: CLIENT -> SERVER: Content-Transfer-Encoding: 8bit
PHPMailer Debug: CLIENT -> SERVER: 
PHPMailer Debug: CLIENT -> SERVER: --b1=_o1FSX2WWCkRusagwvkvecdC8qu5G6j5nAnXkHwfQA
PHPMailer Debug: CLIENT -> SERVER: Content-Type: text/plain; charset=UTF-8
PHPMailer Debug: CLIENT -> SERVER: Content-Transfer-Encoding: 8bit
PHPMailer Debug: CLIENT -> SERVER: 
PHPMailer Debug: CLIENT -> SERVER: 
PHPMailer Debug: CLIENT -> SERVER: Bienvenido/a a MiClinica, guido ruiz!
PHPMailer Debug: CLIENT -> SERVER: 
PHPMailer Debug: CLIENT -> SERVER: Sus credenciales de acceso son:
PHPMailer Debug: CLIENT -> SERVER: - Usuario: guidoruiz@guido.com
PHPMailer Debug: CLIENT -> SERVER: - Contraseña temporal: VadjnYrT
PHPMailer Debug: CLIENT -> SERVER: 
PHPMailer Debug: CLIENT -> SERVER: Para iniciar sesión, vaya a: http://localhost/clinica/public_reservas
PHPMailer Debug: CLIENT -> SERVER: 
PHPMailer Debug: CLIENT -> SERVER: Use su email como usuario y la contraseña temporal proporcionada.
PHPMailer Debug: CLIENT -> SERVER: Por seguridad, le recomendamos cambiar su contraseña después del primer inicio de sesión.
PHPMailer Debug: CLIENT -> SERVER: 
PHPMailer Debug: CLIENT -> SERVER: Saludos cordiales,
PHPMailer Debug: CLIENT -> SERVER: Equipo de MiClinica
PHPMailer Debug: CLIENT -> SERVER: 
PHPMailer Debug: CLIENT -> SERVER: --b1=_o1FSX2WWCkRusagwvkvecdC8qu5G6j5nAnXkHwfQA
PHPMailer Debug: CLIENT -> SERVER: Content-Type: text/html; charset=UTF-8
PHPMailer Debug: CLIENT -> SERVER: Content-Transfer-Encoding: 8bit
PHPMailer Debug: CLIENT -> SERVER: 
PHPMailer Debug: CLIENT -> SERVER: <!DOCTYPE html>
PHPMailer Debug: CLIENT -> SERVER: <html lang="es">
PHPMailer Debug: CLIENT -> SERVER: <head>
PHPMailer Debug: CLIENT -> SERVER:     <meta charset="UTF-8">
PHPMailer Debug: CLIENT -> SERVER:     <meta name="viewport" content="width=device-width, initial-scale=1.0">
PHPMailer Debug: CLIENT -> SERVER:     <title>Bienvenido a Clínica</title>
PHPMailer Debug: CLIENT -> SERVER:     <style>
PHPMailer Debug: CLIENT -> SERVER:         body {
PHPMailer Debug: CLIENT -> SERVER:             font-family: Arial, Helvetica, sans-serif;
PHPMailer Debug: CLIENT -> SERVER:             line-height: 1.6;
PHPMailer Debug: CLIENT -> SERVER:             color: #333;
PHPMailer Debug: CLIENT -> SERVER:             margin: 0;
PHPMailer Debug: CLIENT -> SERVER:             padding: 0;
PHPMailer Debug: CLIENT -> SERVER:         }
PHPMailer Debug: CLIENT -> SERVER:         .container {
PHPMailer Debug: CLIENT -> SERVER:             max-width: 600px;
PHPMailer Debug: CLIENT -> SERVER:             margin: 0 auto;
PHPMailer Debug: CLIENT -> SERVER:             padding: 20px;
PHPMailer Debug: CLIENT -> SERVER:         }
PHPMailer Debug: CLIENT -> SERVER:         .header {
PHPMailer Debug: CLIENT -> SERVER:             background-color: #4CAF50;
PHPMailer Debug: CLIENT -> SERVER:             color: white;
PHPMailer Debug: CLIENT -> SERVER:             text-align: center;
PHPMailer Debug: CLIENT -> SERVER:             padding: 15px;
PHPMailer Debug: CLIENT -> SERVER:             border-radius: 5px 5px 0 0;
PHPMailer Debug: CLIENT -> SERVER:         }
PHPMailer Debug: CLIENT -> SERVER:         .content {
PHPMailer Debug: CLIENT -> SERVER:             background-color: #f9f9f9;
PHPMailer Debug: CLIENT -> SERVER:             padding: 20px;
PHPMailer Debug: CLIENT -> SERVER:             border-radius: 0 0 5px 5px;
PHPMailer Debug: CLIENT -> SERVER:         }
PHPMailer Debug: CLIENT -> SERVER:         .footer {
PHPMailer Debug: CLIENT -> SERVER:             text-align: center;
PHPMailer Debug: CLIENT -> SERVER:             margin-top: 20px;
PHPMailer Debug: CLIENT -> SERVER:             font-size: 12px;
PHPMailer Debug: CLIENT -> SERVER:             color: #777;
PHPMailer Debug: CLIENT -> SERVER:         }
PHPMailer Debug: CLIENT -> SERVER:         .button {
PHPMailer Debug: CLIENT -> SERVER:             display: inline-block;
PHPMailer Debug: CLIENT -> SERVER:             background-color: #4CAF50;
PHPMailer Debug: CLIENT -> SERVER:             color: white;
PHPMailer Debug: CLIENT -> SERVER:             text-decoration: none;
PHPMailer Debug: CLIENT -> SERVER:             padding: 10px 20px;
PHPMailer Debug: CLIENT -> SERVER:             border-radius: 5px;
PHPMailer Debug: CLIENT -> SERVER:             margin-top: 20px;
PHPMailer Debug: CLIENT -> SERVER:         }
PHPMailer Debug: CLIENT -> SERVER:         .credentials {
PHPMailer Debug: CLIENT -> SERVER:             background-color: #eee;
PHPMailer Debug: CLIENT -> SERVER:             padding: 10px;
PHPMailer Debug: CLIENT -> SERVER:             margin: 15px 0;
PHPMailer Debug: CLIENT -> SERVER:             border-radius: 5px;
PHPMailer Debug: CLIENT -> SERVER:             border-left: 4px solid #4CAF50;
PHPMailer Debug: CLIENT -> SERVER:         }
PHPMailer Debug: CLIENT -> SERVER:     </style>
PHPMailer Debug: CLIENT -> SERVER: </head>
PHPMailer Debug: CLIENT -> SERVER: <body>
PHPMailer Debug: CLIENT -> SERVER:     <div class="container">
PHPMailer Debug: CLIENT -> SERVER:         <div class="header">
PHPMailer Debug: CLIENT -> SERVER:             <h1>¡Bienvenido a Clínica!</h1>
PHPMailer Debug: CLIENT -> SERVER:         </div>
PHPMailer Debug: CLIENT -> SERVER:         <div class="content">
PHPMailer Debug: CLIENT -> SERVER:             <p>Estimado/a <strong>guido ruiz</strong>,</p>
PHPMailer Debug: CLIENT -> SERVER:             
PHPMailer Debug: CLIENT -> SERVER:             <p>¡Gracias por registrarte en nuestro sistema de Clínica! Estamos encantados de tenerte como parte de nuestra comunidad.</p>
PHPMailer Debug: CLIENT -> SERVER:             
PHPMailer Debug: CLIENT -> SERVER:             <p>A continuación, encontrarás tus credenciales de acceso:</p>
PHPMailer Debug: CLIENT -> SERVER:             
PHPMailer Debug: CLIENT -> SERVER:             <div class="credentials">
PHPMailer Debug: CLIENT -> SERVER:                 <p><strong>Usuario:</strong> guido ruiz</p>
PHPMailer Debug: CLIENT -> SERVER:                 <p><strong>Contraseña:</strong> VadjnYrT</p>
PHPMailer Debug: CLIENT -> SERVER:             </div>
PHPMailer Debug: CLIENT -> SERVER:             
PHPMailer Debug: CLIENT -> SERVER:             <p>Para acceder al sistema, por favor haz clic en el siguiente enlace:</p>
PHPMailer Debug: CLIENT -> SERVER:             
PHPMailer Debug: CLIENT -> SERVER:             <a href="http://localhost/clinica/public_reservas" class="button">Iniciar Sesión</a>
PHPMailer Debug: CLIENT -> SERVER:             
PHPMailer Debug: CLIENT -> SERVER:             <p>Por razones de seguridad, te recomendamos cambiar tu contraseña después del primer inicio de sesión.</p>
PHPMailer Debug: CLIENT -> SERVER:             
PHPMailer Debug: CLIENT -> SERVER:             <p>Si tienes alguna pregunta o necesitas ayuda, no dudes en contactarnos.</p>
PHPMailer Debug: CLIENT -> SERVER:             
PHPMailer Debug: CLIENT -> SERVER:             <p>¡Saludos cordiales!</p>
PHPMailer Debug: CLIENT -> SERVER:             <p><strong>El equipo de Clínica</strong></p>
PHPMailer Debug: CLIENT -> SERVER:         </div>
PHPMailer Debug: CLIENT -> SERVER:         <div class="footer">
PHPMailer Debug: CLIENT -> SERVER:             <p>Este es un correo electrónico automático. Por favor, no responder a este mensaje.</p>
PHPMailer Debug: CLIENT -> SERVER:             <p>&copy; 2025 Clínica. Todos los derechos reservados.</p>
PHPMailer Debug: CLIENT -> SERVER:         </div>
PHPMailer Debug: CLIENT -> SERVER:     </div>
PHPMailer Debug: CLIENT -> SERVER: </body>
PHPMailer Debug: CLIENT -> SERVER: </html>
PHPMailer Debug: CLIENT -> SERVER: 
PHPMailer Debug: CLIENT -> SERVER: 
PHPMailer Debug: CLIENT -> SERVER: --b1=_o1FSX2WWCkRusagwvkvecdC8qu5G6j5nAnXkHwfQA--
PHPMailer Debug: CLIENT -> SERVER: 
PHPMailer Debug: CLIENT -> SERVER: .
PHPMailer Debug: SERVER -> CLIENT: 250 2.0.0 Ok: queued
PHPMailer Debug: CLIENT -> SERVER: QUIT
PHPMailer Debug: SERVER -> CLIENT: 221 2.0.0 Bye
✅ Correo enviado exitosamente a: guidoruiz@guido.com con contraseña: VadjnYrTctrRegisterUser: Credenciales enviadas por correo a: guidoruiz@guido.comctrRegisterUser: Registro exitoso para: guidoruiz@guido.com. Usuario debe hacer login manual.ctrRegisterUser: Registro exitoso sin inicio de sesión automático: {"error":false,"mensaje":"\u00a1Registro exitoso! Hemos enviado sus credenciales de acceso a guidoruiz@guido.com. Por favor, revise su correo e inicie sesi\u00f3n.","email_sent":true,"redirect_to_login":true}Resultado de registro en index.php: {"error":false,"mensaje":"\u00a1Registro exitoso! Hemos enviado sus credenciales de acceso a guidoruiz@guido.com. Por favor, revise su correo e inicie sesi\u00f3n.","email_sent":true,"redirect_to_login":true}POST data: {"action":"register","regName":"guido","regLastName":"ruiz","regEmail":"guidoruiz@guido.com","regDoc":"50046515","regTel":"0982313358","regBdate":"1995-08-04","acceptTerms":"on"}ctrRegisterUser: Función llamada. POST: {"action":"register","regName":"guido","regLastName":"ruiz","regEmail":"guidoruiz@guido.com","regDoc":"50046515","regTel":"0982313358","regBdate":"1995-08-04","acceptTerms":"on"}ctrRegisterUser: Datos del usuario procesados: {"nombre":"guido","apellido":"ruiz","email":"guidoruiz@guido.com","documento":"50046515","telefono":"0982313358"}mdlVerificarEmailExistente: Verificando si el email guidoruiz@guido.com ya está registradomdlVerificarEmailExistente: Email ya existe: síctrRegisterUser: El email ya está registrado: guidoruiz@guido.comResultado de registro en index.php: {"error":true,"mensaje":"El email ya est\u00e1 registrado en el sistema"}POST data: {"action":"register","regName":"guido","regLastName":"ruiz","regEmail":"guidoruiz11@guido.com","regDoc":"50046515","regTel":"0982313358","regBdate":"1995-08-04","acceptTerms":"on"}ctrRegisterUser: Función llamada. POST: {"action":"register","regName":"guido","regLastName":"ruiz","regEmail":"guidoruiz11@guido.com","regDoc":"50046515","regTel":"0982313358","regBdate":"1995-08-04","acceptTerms":"on"}ctrRegisterUser: Datos del usuario procesados: {"nombre":"guido","apellido":"ruiz","email":"guidoruiz11@guido.com","documento":"50046515","telefono":"0982313358"}mdlVerificarEmailExistente: Verificando si el email guidoruiz11@guido.com ya está registradomdlVerificarEmailExistente: Email ya existe: nomdlRegistrarUsuario: Registrando nuevo usuario con email guidoruiz11@guido.commdlRegistrarUsuario: Registro exitoso para usuario con ID 82ctrRegisterUser: Resultado del registro: {"error":false,"paciente_id":"82","mensaje":"Usuario registrado con \u00e9xito"}enviarCredencialesPorCorreo: Iniciando envío de email a: guidoruiz11@guido.comenviarCredencialesPorCorreo: Configuración SMTP establecidaenviarCredencialesPorCorreo: Intentando enviar email...PHPMailer Debug: SERVER -> CLIENT: 220 smtp.mailtrap.io ESMTP ready
PHPMailer Debug: CLIENT -> SERVER: EHLO clinica.test
PHPMailer Debug: SERVER -> CLIENT: 250-smtp.mailtrap.io
250-SIZE 5242880
250-PIPELINING
250-ENHANCEDSTATUSCODES
250-8BITMIME
250-DSN
250-AUTH PLAIN LOGIN CRAM-MD5
250 STARTTLS
PHPMailer Debug: CLIENT -> SERVER: STARTTLS
PHPMailer Debug: SERVER -> CLIENT: 220 2.0.0 Start TLS
PHPMailer Debug: CLIENT -> SERVER: EHLO clinica.test
PHPMailer Debug: SERVER -> CLIENT: 250-smtp.mailtrap.io
250-SIZE 5242880
250-PIPELINING
250-ENHANCEDSTATUSCODES
250-8BITMIME
250-DSN
250 AUTH PLAIN LOGIN CRAM-MD5
PHPMailer Debug: CLIENT -> SERVER: AUTH CRAM-MD5
PHPMailer Debug: SERVER -> CLIENT: 334 PDE3OTYxOTgyNTMuMTc1Mjk0OTk5NkBzbXRwLm1haWx0cmFwLmlvPg==
PHPMailer Debug: CLIENT -> SERVER: [credentials hidden]PHPMailer Debug: SERVER -> CLIENT: 235 2.0.0 OK
PHPMailer Debug: CLIENT -> SERVER: MAIL FROM:<noreply@miclinica.com>
PHPMailer Debug: SERVER -> CLIENT: 250 2.1.0 Ok
PHPMailer Debug: CLIENT -> SERVER: RCPT TO:<guidoruiz11@guido.com>
PHPMailer Debug: SERVER -> CLIENT: 250 2.1.0 Ok
PHPMailer Debug: CLIENT -> SERVER: DATA
PHPMailer Debug: SERVER -> CLIENT: 354 Go ahead
PHPMailer Debug: CLIENT -> SERVER: Date: Sat, 19 Jul 2025 18:33:15 +0000
PHPMailer Debug: CLIENT -> SERVER: To: guido ruiz <guidoruiz11@guido.com>
PHPMailer Debug: CLIENT -> SERVER: From: MiClinica - Sistema de Reservas <noreply@miclinica.com>
PHPMailer Debug: CLIENT -> SERVER: Subject: =?UTF-8?Q?=C2=A1Bienvenido_a_MiClinica!_-_Sus_credenciales_de_acceso?=
PHPMailer Debug: CLIENT -> SERVER: Message-ID: <c11DqVA3or4D05bGcrj4aeCUmSv50980vFiIH4MEWcU@clinica.test>
PHPMailer Debug: CLIENT -> SERVER: X-Mailer: PHPMailer 6.10.0 (https://github.com/PHPMailer/PHPMailer)
PHPMailer Debug: CLIENT -> SERVER: MIME-Version: 1.0
PHPMailer Debug: CLIENT -> SERVER: Content-Type: multipart/alternative;
PHPMailer Debug: CLIENT -> SERVER:  boundary="b1=_c11DqVA3or4D05bGcrj4aeCUmSv50980vFiIH4MEWcU"
PHPMailer Debug: CLIENT -> SERVER: Content-Transfer-Encoding: 8bit
PHPMailer Debug: CLIENT -> SERVER: 
PHPMailer Debug: CLIENT -> SERVER: --b1=_c11DqVA3or4D05bGcrj4aeCUmSv50980vFiIH4MEWcU
PHPMailer Debug: CLIENT -> SERVER: Content-Type: text/plain; charset=UTF-8
PHPMailer Debug: CLIENT -> SERVER: Content-Transfer-Encoding: 8bit
PHPMailer Debug: CLIENT -> SERVER: 
PHPMailer Debug: CLIENT -> SERVER: 
PHPMailer Debug: CLIENT -> SERVER: Bienvenido/a a MiClinica, guido ruiz!
PHPMailer Debug: CLIENT -> SERVER: 
PHPMailer Debug: CLIENT -> SERVER: Sus credenciales de acceso son:
PHPMailer Debug: CLIENT -> SERVER: - Usuario: guidoruiz11@guido.com
PHPMailer Debug: CLIENT -> SERVER: - Contraseña temporal: BX97Pebe
PHPMailer Debug: CLIENT -> SERVER: 
PHPMailer Debug: CLIENT -> SERVER: Para iniciar sesión, vaya a: http://localhost/clinica/public_reservas
PHPMailer Debug: CLIENT -> SERVER: 
PHPMailer Debug: CLIENT -> SERVER: Use su email como usuario y la contraseña temporal proporcionada.
PHPMailer Debug: CLIENT -> SERVER: Por seguridad, le recomendamos cambiar su contraseña después del primer inicio de sesión.
PHPMailer Debug: CLIENT -> SERVER: 
PHPMailer Debug: CLIENT -> SERVER: Saludos cordiales,
PHPMailer Debug: CLIENT -> SERVER: Equipo de MiClinica
PHPMailer Debug: CLIENT -> SERVER: 
PHPMailer Debug: CLIENT -> SERVER: --b1=_c11DqVA3or4D05bGcrj4aeCUmSv50980vFiIH4MEWcU
PHPMailer Debug: CLIENT -> SERVER: Content-Type: text/html; charset=UTF-8
PHPMailer Debug: CLIENT -> SERVER: Content-Transfer-Encoding: 8bit
PHPMailer Debug: CLIENT -> SERVER: 
PHPMailer Debug: CLIENT -> SERVER: <!DOCTYPE html>
PHPMailer Debug: CLIENT -> SERVER: <html lang="es">
PHPMailer Debug: CLIENT -> SERVER: <head>
PHPMailer Debug: CLIENT -> SERVER:     <meta charset="UTF-8">
PHPMailer Debug: CLIENT -> SERVER:     <meta name="viewport" content="width=device-width, initial-scale=1.0">
PHPMailer Debug: CLIENT -> SERVER:     <title>Bienvenido a Clínica</title>
PHPMailer Debug: CLIENT -> SERVER:     <style>
PHPMailer Debug: CLIENT -> SERVER:         body {
PHPMailer Debug: CLIENT -> SERVER:             font-family: Arial, Helvetica, sans-serif;
PHPMailer Debug: CLIENT -> SERVER:             line-height: 1.6;
PHPMailer Debug: CLIENT -> SERVER:             color: #333;
PHPMailer Debug: CLIENT -> SERVER:             margin: 0;
PHPMailer Debug: CLIENT -> SERVER:             padding: 0;
PHPMailer Debug: CLIENT -> SERVER:         }
PHPMailer Debug: CLIENT -> SERVER:         .container {
PHPMailer Debug: CLIENT -> SERVER:             max-width: 600px;
PHPMailer Debug: CLIENT -> SERVER:             margin: 0 auto;
PHPMailer Debug: CLIENT -> SERVER:             padding: 20px;
PHPMailer Debug: CLIENT -> SERVER:         }
PHPMailer Debug: CLIENT -> SERVER:         .header {
PHPMailer Debug: CLIENT -> SERVER:             background-color: #4CAF50;
PHPMailer Debug: CLIENT -> SERVER:             color: white;
PHPMailer Debug: CLIENT -> SERVER:             text-align: center;
PHPMailer Debug: CLIENT -> SERVER:             padding: 15px;
PHPMailer Debug: CLIENT -> SERVER:             border-radius: 5px 5px 0 0;
PHPMailer Debug: CLIENT -> SERVER:         }
PHPMailer Debug: CLIENT -> SERVER:         .content {
PHPMailer Debug: CLIENT -> SERVER:             background-color: #f9f9f9;
PHPMailer Debug: CLIENT -> SERVER:             padding: 20px;
PHPMailer Debug: CLIENT -> SERVER:             border-radius: 0 0 5px 5px;
PHPMailer Debug: CLIENT -> SERVER:         }
PHPMailer Debug: CLIENT -> SERVER:         .footer {
PHPMailer Debug: CLIENT -> SERVER:             text-align: center;
PHPMailer Debug: CLIENT -> SERVER:             margin-top: 20px;
PHPMailer Debug: CLIENT -> SERVER:             font-size: 12px;
PHPMailer Debug: CLIENT -> SERVER:             color: #777;
PHPMailer Debug: CLIENT -> SERVER:         }
PHPMailer Debug: CLIENT -> SERVER:         .button {
PHPMailer Debug: CLIENT -> SERVER:             display: inline-block;
PHPMailer Debug: CLIENT -> SERVER:             background-color: #4CAF50;
PHPMailer Debug: CLIENT -> SERVER:             color: white;
PHPMailer Debug: CLIENT -> SERVER:             text-decoration: none;
PHPMailer Debug: CLIENT -> SERVER:             padding: 10px 20px;
PHPMailer Debug: CLIENT -> SERVER:             border-radius: 5px;
PHPMailer Debug: CLIENT -> SERVER:             margin-top: 20px;
PHPMailer Debug: CLIENT -> SERVER:         }
PHPMailer Debug: CLIENT -> SERVER:         .credentials {
PHPMailer Debug: CLIENT -> SERVER:             background-color: #eee;
PHPMailer Debug: CLIENT -> SERVER:             padding: 10px;
PHPMailer Debug: CLIENT -> SERVER:             margin: 15px 0;
PHPMailer Debug: CLIENT -> SERVER:             border-radius: 5px;
PHPMailer Debug: CLIENT -> SERVER:             border-left: 4px solid #4CAF50;
PHPMailer Debug: CLIENT -> SERVER:         }
PHPMailer Debug: CLIENT -> SERVER:     </style>
PHPMailer Debug: CLIENT -> SERVER: </head>
PHPMailer Debug: CLIENT -> SERVER: <body>
PHPMailer Debug: CLIENT -> SERVER:     <div class="container">
PHPMailer Debug: CLIENT -> SERVER:         <div class="header">
PHPMailer Debug: CLIENT -> SERVER:             <h1>¡Bienvenido a Clínica!</h1>
PHPMailer Debug: CLIENT -> SERVER:         </div>
PHPMailer Debug: CLIENT -> SERVER:         <div class="content">
PHPMailer Debug: CLIENT -> SERVER:             <p>Estimado/a <strong>guido ruiz</strong>,</p>
PHPMailer Debug: CLIENT -> SERVER:             
PHPMailer Debug: CLIENT -> SERVER:             <p>¡Gracias por registrarte en nuestro sistema de Clínica! Estamos encantados de tenerte como parte de nuestra comunidad.</p>
PHPMailer Debug: CLIENT -> SERVER:             
PHPMailer Debug: CLIENT -> SERVER:             <p>A continuación, encontrarás tus credenciales de acceso:</p>
PHPMailer Debug: CLIENT -> SERVER:             
PHPMailer Debug: CLIENT -> SERVER:             <div class="credentials">
PHPMailer Debug: CLIENT -> SERVER:                 <p><strong>Usuario:</strong> guidoruiz11@guido.com</p>
PHPMailer Debug: CLIENT -> SERVER:                 <p><strong>Contraseña:</strong> BX97Pebe</p>
PHPMailer Debug: CLIENT -> SERVER:             </div>
PHPMailer Debug: CLIENT -> SERVER:             
PHPMailer Debug: CLIENT -> SERVER:             <p>Para acceder al sistema, por favor haz clic en el siguiente enlace:</p>
PHPMailer Debug: CLIENT -> SERVER:             
PHPMailer Debug: CLIENT -> SERVER:             <a href="http://localhost/clinica/public_reservas" class="button">Iniciar Sesión</a>
PHPMailer Debug: CLIENT -> SERVER:             
PHPMailer Debug: CLIENT -> SERVER:             <p>Por razones de seguridad, te recomendamos cambiar tu contraseña después del primer inicio de sesión.</p>
PHPMailer Debug: CLIENT -> SERVER:             
PHPMailer Debug: CLIENT -> SERVER:             <p>Si tienes alguna pregunta o necesitas ayuda, no dudes en contactarnos.</p>
PHPMailer Debug: CLIENT -> SERVER:             
PHPMailer Debug: CLIENT -> SERVER:             <p>¡Saludos cordiales!</p>
PHPMailer Debug: CLIENT -> SERVER:             <p><strong>El equipo de Clínica</strong></p>
PHPMailer Debug: CLIENT -> SERVER:         </div>
PHPMailer Debug: CLIENT -> SERVER:         <div class="footer">
PHPMailer Debug: CLIENT -> SERVER:             <p>Este es un correo electrónico automático. Por favor, no responder a este mensaje.</p>
PHPMailer Debug: CLIENT -> SERVER:             <p>&copy; 2025 Clínica. Todos los derechos reservados.</p>
PHPMailer Debug: CLIENT -> SERVER:         </div>
PHPMailer Debug: CLIENT -> SERVER:     </div>
PHPMailer Debug: CLIENT -> SERVER: </body>
PHPMailer Debug: CLIENT -> SERVER: </html>
PHPMailer Debug: CLIENT -> SERVER: 
PHPMailer Debug: CLIENT -> SERVER: 
PHPMailer Debug: CLIENT -> SERVER: --b1=_c11DqVA3or4D05bGcrj4aeCUmSv50980vFiIH4MEWcU--
PHPMailer Debug: CLIENT -> SERVER: 
PHPMailer Debug: CLIENT -> SERVER: .
PHPMailer Debug: SERVER -> CLIENT: 250 2.0.0 Ok: queued
PHPMailer Debug: CLIENT -> SERVER: QUIT
PHPMailer Debug: SERVER -> CLIENT: 221 2.0.0 Bye
✅ Correo enviado exitosamente a: guidoruiz11@guido.com con contraseña: BX97PebectrRegisterUser: Credenciales enviadas por correo a: guidoruiz11@guido.comctrRegisterUser: Registro exitoso para: guidoruiz11@guido.com. Usuario debe hacer login manual.ctrRegisterUser: Registro exitoso sin inicio de sesión automático: {"error":false,"mensaje":"\u00a1Registro exitoso! Hemos enviado sus credenciales de acceso a guidoruiz11@guido.com. Por favor, revise su correo e inicie sesi\u00f3n.","email_sent":true,"redirect_to_login":true}Resultado de registro en index.php: {"error":false,"mensaje":"\u00a1Registro exitoso! Hemos enviado sus credenciales de acceso a guidoruiz11@guido.com. Por favor, revise su correo e inicie sesi\u00f3n.","email_sent":true,"redirect_to_login":true}POST data: {"action":"register","regName":"guido","regLastName":"ruiz","regEmail":"ruizguido@gmail.com","regDoc":"5004615","regTel":"0982313358","regBdate":"1995-08-04","acceptTerms":"on"}ctrRegisterUser: Función llamada. POST: {"action":"register","regName":"guido","regLastName":"ruiz","regEmail":"ruizguido@gmail.com","regDoc":"5004615","regTel":"0982313358","regBdate":"1995-08-04","acceptTerms":"on"}ctrRegisterUser: Datos del usuario procesados: {"nombre":"guido","apellido":"ruiz","email":"ruizguido@gmail.com","documento":"5004615","telefono":"0982313358"}mdlVerificarEmailExistente: Verificando si el email ruizguido@gmail.com ya está registradomdlVerificarEmailExistente: Email ya existe: nomdlRegistrarUsuario: Registrando nuevo usuario con email ruizguido@gmail.commdlRegistrarUsuario: Registro exitoso para usuario con ID 73ctrRegisterUser: Resultado del registro: {"error":false,"paciente_id":"73","person_id":"84","mensaje":"Usuario registrado con \u00e9xito"}enviarCredencialesPorCorreo: Iniciando envío de email a: ruizguido@gmail.comenviarCredencialesPorCorreo: Configuración SMTP establecidaenviarCredencialesPorCorreo: Intentando enviar email...PHPMailer Debug: SERVER -> CLIENT: 220 smtp.mailtrap.io ESMTP ready
PHPMailer Debug: CLIENT -> SERVER: EHLO clinica.test
PHPMailer Debug: SERVER -> CLIENT: 250-smtp.mailtrap.io
250-SIZE 5242880
250-PIPELINING
250-ENHANCEDSTATUSCODES
250-8BITMIME
250-DSN
250-AUTH PLAIN LOGIN CRAM-MD5
250 STARTTLS
PHPMailer Debug: CLIENT -> SERVER: STARTTLS
PHPMailer Debug: SERVER -> CLIENT: 220 2.0.0 Start TLS
PHPMailer Debug: CLIENT -> SERVER: EHLO clinica.test
PHPMailer Debug: SERVER -> CLIENT: 250-smtp.mailtrap.io
250-SIZE 5242880
250-PIPELINING
250-ENHANCEDSTATUSCODES
250-8BITMIME
250-DSN
250 AUTH PLAIN LOGIN CRAM-MD5
PHPMailer Debug: CLIENT -> SERVER: AUTH CRAM-MD5
PHPMailer Debug: SERVER -> CLIENT: 334 PDI1NjE5NzU3NS4xNzUyOTUwODAyQHNtdHAubWFpbHRyYXAuaW8+
PHPMailer Debug: CLIENT -> SERVER: [credentials hidden]PHPMailer Debug: SERVER -> CLIENT: 235 2.0.0 OK
PHPMailer Debug: CLIENT -> SERVER: MAIL FROM:<noreply@miclinica.com>
PHPMailer Debug: SERVER -> CLIENT: 250 2.1.0 Ok
PHPMailer Debug: CLIENT -> SERVER: RCPT TO:<ruizguido@gmail.com>
PHPMailer Debug: SERVER -> CLIENT: 250 2.1.0 Ok
PHPMailer Debug: CLIENT -> SERVER: DATA
PHPMailer Debug: SERVER -> CLIENT: 354 Go ahead
PHPMailer Debug: CLIENT -> SERVER: Date: Sat, 19 Jul 2025 18:46:41 +0000
PHPMailer Debug: CLIENT -> SERVER: To: guido ruiz <ruizguido@gmail.com>
PHPMailer Debug: CLIENT -> SERVER: From: MiClinica - Sistema de Reservas <noreply@miclinica.com>
PHPMailer Debug: CLIENT -> SERVER: Subject: =?UTF-8?Q?=C2=A1Bienvenido_a_MiClinica!_-_Sus_credenciales_de_acceso?=
PHPMailer Debug: CLIENT -> SERVER: Message-ID: <jRmBxkqJcOTGpXyuCGudbzrBxZHdSIpQQqURbfiK4@clinica.test>
PHPMailer Debug: CLIENT -> SERVER: X-Mailer: PHPMailer 6.10.0 (https://github.com/PHPMailer/PHPMailer)
PHPMailer Debug: CLIENT -> SERVER: MIME-Version: 1.0
PHPMailer Debug: CLIENT -> SERVER: Content-Type: multipart/alternative;
PHPMailer Debug: CLIENT -> SERVER:  boundary="b1=_jRmBxkqJcOTGpXyuCGudbzrBxZHdSIpQQqURbfiK4"
PHPMailer Debug: CLIENT -> SERVER: Content-Transfer-Encoding: 8bit
PHPMailer Debug: CLIENT -> SERVER: 
PHPMailer Debug: CLIENT -> SERVER: --b1=_jRmBxkqJcOTGpXyuCGudbzrBxZHdSIpQQqURbfiK4
PHPMailer Debug: CLIENT -> SERVER: Content-Type: text/plain; charset=UTF-8
PHPMailer Debug: CLIENT -> SERVER: Content-Transfer-Encoding: 8bit
PHPMailer Debug: CLIENT -> SERVER: 
PHPMailer Debug: CLIENT -> SERVER: 
PHPMailer Debug: CLIENT -> SERVER: Bienvenido/a a MiClinica, guido ruiz!
PHPMailer Debug: CLIENT -> SERVER: 
PHPMailer Debug: CLIENT -> SERVER: Sus credenciales de acceso son:
PHPMailer Debug: CLIENT -> SERVER: - Usuario: ruizguido@gmail.com
PHPMailer Debug: CLIENT -> SERVER: - Contraseña temporal: Lxb7pwQS
PHPMailer Debug: CLIENT -> SERVER: 
PHPMailer Debug: CLIENT -> SERVER: Para iniciar sesión, vaya a: http://localhost/clinica/public_reservas
PHPMailer Debug: CLIENT -> SERVER: 
PHPMailer Debug: CLIENT -> SERVER: Use su email como usuario y la contraseña temporal proporcionada.
PHPMailer Debug: CLIENT -> SERVER: Por seguridad, le recomendamos cambiar su contraseña después del primer inicio de sesión.
PHPMailer Debug: CLIENT -> SERVER: 
PHPMailer Debug: CLIENT -> SERVER: Saludos cordiales,
PHPMailer Debug: CLIENT -> SERVER: Equipo de MiClinica
PHPMailer Debug: CLIENT -> SERVER: 
PHPMailer Debug: CLIENT -> SERVER: --b1=_jRmBxkqJcOTGpXyuCGudbzrBxZHdSIpQQqURbfiK4
PHPMailer Debug: CLIENT -> SERVER: Content-Type: text/html; charset=UTF-8
PHPMailer Debug: CLIENT -> SERVER: Content-Transfer-Encoding: 8bit
PHPMailer Debug: CLIENT -> SERVER: 
PHPMailer Debug: CLIENT -> SERVER: <!DOCTYPE html>
PHPMailer Debug: CLIENT -> SERVER: <html lang="es">
PHPMailer Debug: CLIENT -> SERVER: <head>
PHPMailer Debug: CLIENT -> SERVER:     <meta charset="UTF-8">
PHPMailer Debug: CLIENT -> SERVER:     <meta name="viewport" content="width=device-width, initial-scale=1.0">
PHPMailer Debug: CLIENT -> SERVER:     <title>Bienvenido a Clínica</title>
PHPMailer Debug: CLIENT -> SERVER:     <style>
PHPMailer Debug: CLIENT -> SERVER:         body {
PHPMailer Debug: CLIENT -> SERVER:             font-family: Arial, Helvetica, sans-serif;
PHPMailer Debug: CLIENT -> SERVER:             line-height: 1.6;
PHPMailer Debug: CLIENT -> SERVER:             color: #333;
PHPMailer Debug: CLIENT -> SERVER:             margin: 0;
PHPMailer Debug: CLIENT -> SERVER:             padding: 0;
PHPMailer Debug: CLIENT -> SERVER:         }
PHPMailer Debug: CLIENT -> SERVER:         .container {
PHPMailer Debug: CLIENT -> SERVER:             max-width: 600px;
PHPMailer Debug: CLIENT -> SERVER:             margin: 0 auto;
PHPMailer Debug: CLIENT -> SERVER:             padding: 20px;
PHPMailer Debug: CLIENT -> SERVER:         }
PHPMailer Debug: CLIENT -> SERVER:         .header {
PHPMailer Debug: CLIENT -> SERVER:             background-color: #4CAF50;
PHPMailer Debug: CLIENT -> SERVER:             color: white;
PHPMailer Debug: CLIENT -> SERVER:             text-align: center;
PHPMailer Debug: CLIENT -> SERVER:             padding: 15px;
PHPMailer Debug: CLIENT -> SERVER:             border-radius: 5px 5px 0 0;
PHPMailer Debug: CLIENT -> SERVER:         }
PHPMailer Debug: CLIENT -> SERVER:         .content {
PHPMailer Debug: CLIENT -> SERVER:             background-color: #f9f9f9;
PHPMailer Debug: CLIENT -> SERVER:             padding: 20px;
PHPMailer Debug: CLIENT -> SERVER:             border-radius: 0 0 5px 5px;
PHPMailer Debug: CLIENT -> SERVER:         }
PHPMailer Debug: CLIENT -> SERVER:         .footer {
PHPMailer Debug: CLIENT -> SERVER:             text-align: center;
PHPMailer Debug: CLIENT -> SERVER:             margin-top: 20px;
PHPMailer Debug: CLIENT -> SERVER:             font-size: 12px;
PHPMailer Debug: CLIENT -> SERVER:             color: #777;
PHPMailer Debug: CLIENT -> SERVER:         }
PHPMailer Debug: CLIENT -> SERVER:         .button {
PHPMailer Debug: CLIENT -> SERVER:             display: inline-block;
PHPMailer Debug: CLIENT -> SERVER:             background-color: #4CAF50;
PHPMailer Debug: CLIENT -> SERVER:             color: white;
PHPMailer Debug: CLIENT -> SERVER:             text-decoration: none;
PHPMailer Debug: CLIENT -> SERVER:             padding: 10px 20px;
PHPMailer Debug: CLIENT -> SERVER:             border-radius: 5px;
PHPMailer Debug: CLIENT -> SERVER:             margin-top: 20px;
PHPMailer Debug: CLIENT -> SERVER:         }
PHPMailer Debug: CLIENT -> SERVER:         .credentials {
PHPMailer Debug: CLIENT -> SERVER:             background-color: #eee;
PHPMailer Debug: CLIENT -> SERVER:             padding: 10px;
PHPMailer Debug: CLIENT -> SERVER:             margin: 15px 0;
PHPMailer Debug: CLIENT -> SERVER:             border-radius: 5px;
PHPMailer Debug: CLIENT -> SERVER:             border-left: 4px solid #4CAF50;
PHPMailer Debug: CLIENT -> SERVER:         }
PHPMailer Debug: CLIENT -> SERVER:     </style>
PHPMailer Debug: CLIENT -> SERVER: </head>
PHPMailer Debug: CLIENT -> SERVER: <body>
PHPMailer Debug: CLIENT -> SERVER:     <div class="container">
PHPMailer Debug: CLIENT -> SERVER:         <div class="header">
PHPMailer Debug: CLIENT -> SERVER:             <h1>¡Bienvenido a Clínica!</h1>
PHPMailer Debug: CLIENT -> SERVER:         </div>
PHPMailer Debug: CLIENT -> SERVER:         <div class="content">
PHPMailer Debug: CLIENT -> SERVER:             <p>Estimado/a <strong>guido ruiz</strong>,</p>
PHPMailer Debug: CLIENT -> SERVER:             
PHPMailer Debug: CLIENT -> SERVER:             <p>¡Gracias por registrarte en nuestro sistema de Clínica! Estamos encantados de tenerte como parte de nuestra comunidad.</p>
PHPMailer Debug: CLIENT -> SERVER:             
PHPMailer Debug: CLIENT -> SERVER:             <p>A continuación, encontrarás tus credenciales de acceso:</p>
PHPMailer Debug: CLIENT -> SERVER:             
PHPMailer Debug: CLIENT -> SERVER:             <div class="credentials">
PHPMailer Debug: CLIENT -> SERVER:                 <p><strong>Usuario:</strong> ruizguido@gmail.com</p>
PHPMailer Debug: CLIENT -> SERVER:                 <p><strong>Contraseña:</strong> Lxb7pwQS</p>
PHPMailer Debug: CLIENT -> SERVER:             </div>
PHPMailer Debug: CLIENT -> SERVER:             
PHPMailer Debug: CLIENT -> SERVER:             <p>Para acceder al sistema, por favor haz clic en el siguiente enlace:</p>
PHPMailer Debug: CLIENT -> SERVER:             
PHPMailer Debug: CLIENT -> SERVER:             <a href="http://localhost/clinica/public_reservas" class="button">Iniciar Sesión</a>
PHPMailer Debug: CLIENT -> SERVER:             
PHPMailer Debug: CLIENT -> SERVER:             <p>Por razones de seguridad, te recomendamos cambiar tu contraseña después del primer inicio de sesión.</p>
PHPMailer Debug: CLIENT -> SERVER:             
PHPMailer Debug: CLIENT -> SERVER:             <p>Si tienes alguna pregunta o necesitas ayuda, no dudes en contactarnos.</p>
PHPMailer Debug: CLIENT -> SERVER:             
PHPMailer Debug: CLIENT -> SERVER:             <p>¡Saludos cordiales!</p>
PHPMailer Debug: CLIENT -> SERVER:             <p><strong>El equipo de Clínica</strong></p>
PHPMailer Debug: CLIENT -> SERVER:         </div>
PHPMailer Debug: CLIENT -> SERVER:         <div class="footer">
PHPMailer Debug: CLIENT -> SERVER:             <p>Este es un correo electrónico automático. Por favor, no responder a este mensaje.</p>
PHPMailer Debug: CLIENT -> SERVER:             <p>&copy; 2025 Clínica. Todos los derechos reservados.</p>
PHPMailer Debug: CLIENT -> SERVER:         </div>
PHPMailer Debug: CLIENT -> SERVER:     </div>
PHPMailer Debug: CLIENT -> SERVER: </body>
PHPMailer Debug: CLIENT -> SERVER: </html>
PHPMailer Debug: CLIENT -> SERVER: 
PHPMailer Debug: CLIENT -> SERVER: 
PHPMailer Debug: CLIENT -> SERVER: --b1=_jRmBxkqJcOTGpXyuCGudbzrBxZHdSIpQQqURbfiK4--
PHPMailer Debug: CLIENT -> SERVER: 
PHPMailer Debug: CLIENT -> SERVER: .
PHPMailer Debug: SERVER -> CLIENT: 250 2.0.0 Ok: queued
PHPMailer Debug: CLIENT -> SERVER: QUIT
PHPMailer Debug: SERVER -> CLIENT: 221 2.0.0 Bye
✅ Correo enviado exitosamente a: ruizguido@gmail.com con contraseña: Lxb7pwQSctrRegisterUser: Credenciales enviadas por correo a: ruizguido@gmail.comctrRegisterUser: Registro exitoso para: ruizguido@gmail.com. Usuario debe hacer login manual.ctrRegisterUser: Registro exitoso sin inicio de sesión automático: {"error":false,"mensaje":"\u00a1Registro exitoso! Hemos enviado sus credenciales de acceso a ruizguido@gmail.com. Por favor, revise su correo e inicie sesi\u00f3n.","email_sent":true,"redirect_to_login":true}Resultado de registro en index.php: {"error":false,"mensaje":"\u00a1Registro exitoso! Hemos enviado sus credenciales de acceso a ruizguido@gmail.com. Por favor, revise su correo e inicie sesi\u00f3n.","email_sent":true,"redirect_to_login":true}mdlObtenerPacienteDesdeUsuario: Buscando perfil de usuario con ID 73mdlObtenerPacienteDesdeUsuario: Perfil encontrado para person_id: 84mdlObtenerPacienteDesdeUsuario: Datos completos: {"person_id":84,"document_number":"5004615","birth_date":"1995-08-04","first_name":"guido","last_name":"ruiz","phone_number":"0982313358","gender":null,"record_number":null,"address":null,"email":"ruizguido@gmail.com","department_id":null,"city_id":null,"is_minor":false,"guardian_name":null,"guardian_document":null,"created_at":"2025-07-19 14:46:41.515268-04","registered_by":null,"modified_by":null,"last_modified_at":null,"last_accessed_at":null,"owner_id":null,"is_active":true,"business_id":null,"profile_photo":null}mdlObtenerPacientePorId: Buscando paciente con ID 73mdlObtenerPacientePorId: Paciente encontrado: manu gonzalesmdlObtenerPacienteDesdeUsuario: Buscando perfil de usuario con ID 73mdlObtenerPacienteDesdeUsuario: Perfil encontrado para person_id: 84mdlObtenerPacienteDesdeUsuario: Datos completos: {"person_id":84,"document_number":"5004615","birth_date":"1995-08-04","first_name":"guido","last_name":"ruiz","phone_number":"0982313358","gender":null,"record_number":null,"address":null,"email":"ruizguido@gmail.com","department_id":null,"city_id":null,"is_minor":false,"guardian_name":null,"guardian_document":null,"created_at":"2025-07-19 14:46:41.515268-04","registered_by":null,"modified_by":null,"last_modified_at":null,"last_accessed_at":null,"owner_id":null,"is_active":true,"business_id":null,"profile_photo":null}mdlObtenerPacientePorId: Buscando paciente con ID 73mdlObtenerPacientePorId: Paciente encontrado: manu gonzalesmdlVerificarEmailExistente: Verificando si el email test@example.com ya está registradomdlVerificarEmailExistente: Email ya existe: nomdlVerificarDocumentoExistente: Verificando si el documento 12345678 ya está registradomdlVerificarDocumentoExistente: Documento ya existe: noPOST data: {"action":"verificar_documento","documento":"5004615"}mdlVerificarDocumentoExistente: Verificando si el documento 5004615 ya está registradomdlVerificarDocumentoExistente: Documento ya existe: síPOST data: {"action":"verificar_documento","documento":"5004616"}mdlVerificarDocumentoExistente: Verificando si el documento 5004616 ya está registradomdlVerificarDocumentoExistente: Documento ya existe: síPOST data: {"action":"verificar_documento","documento":"5004617"}mdlVerificarDocumentoExistente: Verificando si el documento 5004617 ya está registradomdlVerificarDocumentoExistente: Documento ya existe: noPOST data: {"action":"verificar_email","email":"carlos@"}mdlVerificarEmailExistente: Verificando si el email carlos@ ya está registradomdlVerificarEmailExistente: Email ya existe: noPOST data: {"action":"verificar_email","email":"carlos@car"}mdlVerificarEmailExistente: Verificando si el email carlos@car ya está registradomdlVerificarEmailExistente: Email ya existe: noPOST data: {"action":"verificar_email","email":"carlos@carlos"}mdlVerificarEmailExistente: Verificando si el email carlos@carlos ya está registradomdlVerificarEmailExistente: Email ya existe: noPOST data: {"action":"verificar_email","email":"carlos@carlos.com"}mdlVerificarEmailExistente: Verificando si el email carlos@carlos.com ya está registradomdlVerificarEmailExistente: Email ya existe: síPOST data: {"action":"verificar_email","email":"carlos@carlos"}mdlVerificarEmailExistente: Verificando si el email carlos@carlos ya está registradomdlVerificarEmailExistente: Email ya existe: noPOST data: {"action":"verificar_email","email":"carlos@carl"}mdlVerificarEmailExistente: Verificando si el email carlos@carl ya está registradomdlVerificarEmailExistente: Email ya existe: noPOST data: {"action":"verificar_email","email":"celso@"}mdlVerificarEmailExistente: Verificando si el email celso@ ya está registradomdlVerificarEmailExistente: Email ya existe: noPOST data: {"action":"verificar_email","email":"celso@celso"}mdlVerificarEmailExistente: Verificando si el email celso@celso ya está registradomdlVerificarEmailExistente: Email ya existe: noPOST data: {"action":"verificar_email","email":"celso@celso.com"}mdlVerificarEmailExistente: Verificando si el email celso@celso.com ya está registradomdlVerificarEmailExistente: Email ya existe: noPOST data: {"action":"verificar_email","email":"celso@celso.com"}mdlVerificarEmailExistente: Verificando si el email celso@celso.com ya está registradomdlVerificarEmailExistente: Email ya existe: noPOST data: {"action":"verificar_documento","documento":"5004617"}mdlVerificarDocumentoExistente: Verificando si el documento 5004617 ya está registradomdlVerificarDocumentoExistente: Documento ya existe: noPOST data: {"action":"register","regName":"celso","regLastName":"venegas","regEmail":"celso@celso.com","regDoc":"5004617","regTel":"0982313358","regBdate":"1995-08-04","acceptTerms":"on"}ctrRegisterUser: Función llamada. POST: {"action":"register","regName":"celso","regLastName":"venegas","regEmail":"celso@celso.com","regDoc":"5004617","regTel":"0982313358","regBdate":"1995-08-04","acceptTerms":"on"}ctrRegisterUser: Datos del usuario procesados: {"nombre":"celso","apellido":"venegas","email":"celso@celso.com","documento":"5004617","telefono":"0982313358"}mdlVerificarEmailExistente: Verificando si el email celso@celso.com ya está registradomdlVerificarEmailExistente: Email ya existe: nomdlVerificarDocumentoExistente: Verificando si el documento 5004617 ya está registradomdlVerificarDocumentoExistente: Documento ya existe: nomdlRegistrarUsuario: Registrando nuevo usuario con email celso@celso.commdlRegistrarUsuario: Registro exitoso para usuario con ID 74ctrRegisterUser: Resultado del registro: {"error":false,"paciente_id":"74","person_id":"86","mensaje":"Usuario registrado con \u00e9xito"}enviarCredencialesPorCorreo: Iniciando envío de email a: celso@celso.comenviarCredencialesPorCorreo: Configuración SMTP establecidaenviarCredencialesPorCorreo: Intentando enviar email...PHPMailer Debug: SERVER -> CLIENT: 220 smtp.mailtrap.io ESMTP ready
PHPMailer Debug: CLIENT -> SERVER: EHLO clinica.test
PHPMailer Debug: SERVER -> CLIENT: 250-smtp.mailtrap.io
250-SIZE 5242880
250-PIPELINING
250-ENHANCEDSTATUSCODES
250-8BITMIME
250-DSN
250-AUTH PLAIN LOGIN CRAM-MD5
250 STARTTLS
PHPMailer Debug: CLIENT -> SERVER: STARTTLS
PHPMailer Debug: SERVER -> CLIENT: 220 2.0.0 Start TLS
PHPMailer Debug: CLIENT -> SERVER: EHLO clinica.test
PHPMailer Debug: SERVER -> CLIENT: 250-smtp.mailtrap.io
250-SIZE 5242880
250-PIPELINING
250-ENHANCEDSTATUSCODES
250-8BITMIME
250-DSN
250 AUTH PLAIN LOGIN CRAM-MD5
PHPMailer Debug: CLIENT -> SERVER: AUTH CRAM-MD5
PHPMailer Debug: SERVER -> CLIENT: 334 PDczMTQ4MzczOC4xNzUyOTUxODM5QHNtdHAubWFpbHRyYXAuaW8+
PHPMailer Debug: CLIENT -> SERVER: [credentials hidden]PHPMailer Debug: SERVER -> CLIENT: 235 2.0.0 OK
PHPMailer Debug: CLIENT -> SERVER: MAIL FROM:<noreply@miclinica.com>
PHPMailer Debug: SERVER -> CLIENT: 250 2.1.0 Ok
PHPMailer Debug: CLIENT -> SERVER: RCPT TO:<celso@celso.com>
PHPMailer Debug: SERVER -> CLIENT: 250 2.1.0 Ok
PHPMailer Debug: CLIENT -> SERVER: DATA
PHPMailer Debug: SERVER -> CLIENT: 354 Go ahead
PHPMailer Debug: CLIENT -> SERVER: Date: Sat, 19 Jul 2025 19:03:57 +0000
PHPMailer Debug: CLIENT -> SERVER: To: celso venegas <celso@celso.com>
PHPMailer Debug: CLIENT -> SERVER: From: MiClinica - Sistema de Reservas <noreply@miclinica.com>
PHPMailer Debug: CLIENT -> SERVER: Subject: =?UTF-8?Q?=C2=A1Bienvenido_a_MiClinica!_-_Sus_credenciales_de_acceso?=
PHPMailer Debug: CLIENT -> SERVER: Message-ID: <HyiyVvjFjfh8qhYGqbpxMMc4U1jeQNc93apVR2LKA@clinica.test>
PHPMailer Debug: CLIENT -> SERVER: X-Mailer: PHPMailer 6.10.0 (https://github.com/PHPMailer/PHPMailer)
PHPMailer Debug: CLIENT -> SERVER: MIME-Version: 1.0
PHPMailer Debug: CLIENT -> SERVER: Content-Type: multipart/alternative;
PHPMailer Debug: CLIENT -> SERVER:  boundary="b1=_HyiyVvjFjfh8qhYGqbpxMMc4U1jeQNc93apVR2LKA"
PHPMailer Debug: CLIENT -> SERVER: Content-Transfer-Encoding: 8bit
PHPMailer Debug: CLIENT -> SERVER: 
PHPMailer Debug: CLIENT -> SERVER: --b1=_HyiyVvjFjfh8qhYGqbpxMMc4U1jeQNc93apVR2LKA
PHPMailer Debug: CLIENT -> SERVER: Content-Type: text/plain; charset=UTF-8
PHPMailer Debug: CLIENT -> SERVER: Content-Transfer-Encoding: 8bit
PHPMailer Debug: CLIENT -> SERVER: 
PHPMailer Debug: CLIENT -> SERVER: 
PHPMailer Debug: CLIENT -> SERVER: Bienvenido/a a MiClinica, celso venegas!
PHPMailer Debug: CLIENT -> SERVER: 
PHPMailer Debug: CLIENT -> SERVER: Sus credenciales de acceso son:
PHPMailer Debug: CLIENT -> SERVER: - Usuario: celso@celso.com
PHPMailer Debug: CLIENT -> SERVER: - Contraseña temporal: CxkzT542
PHPMailer Debug: CLIENT -> SERVER: 
PHPMailer Debug: CLIENT -> SERVER: Para iniciar sesión, vaya a: http://localhost/clinica/public_reservas
PHPMailer Debug: CLIENT -> SERVER: 
PHPMailer Debug: CLIENT -> SERVER: Use su email como usuario y la contraseña temporal proporcionada.
PHPMailer Debug: CLIENT -> SERVER: Por seguridad, le recomendamos cambiar su contraseña después del primer inicio de sesión.
PHPMailer Debug: CLIENT -> SERVER: 
PHPMailer Debug: CLIENT -> SERVER: Saludos cordiales,
PHPMailer Debug: CLIENT -> SERVER: Equipo de MiClinica
PHPMailer Debug: CLIENT -> SERVER: 
PHPMailer Debug: CLIENT -> SERVER: --b1=_HyiyVvjFjfh8qhYGqbpxMMc4U1jeQNc93apVR2LKA
PHPMailer Debug: CLIENT -> SERVER: Content-Type: text/html; charset=UTF-8
PHPMailer Debug: CLIENT -> SERVER: Content-Transfer-Encoding: 8bit
PHPMailer Debug: CLIENT -> SERVER: 
PHPMailer Debug: CLIENT -> SERVER: <!DOCTYPE html>
PHPMailer Debug: CLIENT -> SERVER: <html lang="es">
PHPMailer Debug: CLIENT -> SERVER: <head>
PHPMailer Debug: CLIENT -> SERVER:     <meta charset="UTF-8">
PHPMailer Debug: CLIENT -> SERVER:     <meta name="viewport" content="width=device-width, initial-scale=1.0">
PHPMailer Debug: CLIENT -> SERVER:     <title>Bienvenido a Clínica</title>
PHPMailer Debug: CLIENT -> SERVER:     <style>
PHPMailer Debug: CLIENT -> SERVER:         body {
PHPMailer Debug: CLIENT -> SERVER:             font-family: Arial, Helvetica, sans-serif;
PHPMailer Debug: CLIENT -> SERVER:             line-height: 1.6;
PHPMailer Debug: CLIENT -> SERVER:             color: #333;
PHPMailer Debug: CLIENT -> SERVER:             margin: 0;
PHPMailer Debug: CLIENT -> SERVER:             padding: 0;
PHPMailer Debug: CLIENT -> SERVER:         }
PHPMailer Debug: CLIENT -> SERVER:         .container {
PHPMailer Debug: CLIENT -> SERVER:             max-width: 600px;
PHPMailer Debug: CLIENT -> SERVER:             margin: 0 auto;
PHPMailer Debug: CLIENT -> SERVER:             padding: 20px;
PHPMailer Debug: CLIENT -> SERVER:         }
PHPMailer Debug: CLIENT -> SERVER:         .header {
PHPMailer Debug: CLIENT -> SERVER:             background-color: #4CAF50;
PHPMailer Debug: CLIENT -> SERVER:             color: white;
PHPMailer Debug: CLIENT -> SERVER:             text-align: center;
PHPMailer Debug: CLIENT -> SERVER:             padding: 15px;
PHPMailer Debug: CLIENT -> SERVER:             border-radius: 5px 5px 0 0;
PHPMailer Debug: CLIENT -> SERVER:         }
PHPMailer Debug: CLIENT -> SERVER:         .content {
PHPMailer Debug: CLIENT -> SERVER:             background-color: #f9f9f9;
PHPMailer Debug: CLIENT -> SERVER:             padding: 20px;
PHPMailer Debug: CLIENT -> SERVER:             border-radius: 0 0 5px 5px;
PHPMailer Debug: CLIENT -> SERVER:         }
PHPMailer Debug: CLIENT -> SERVER:         .footer {
PHPMailer Debug: CLIENT -> SERVER:             text-align: center;
PHPMailer Debug: CLIENT -> SERVER:             margin-top: 20px;
PHPMailer Debug: CLIENT -> SERVER:             font-size: 12px;
PHPMailer Debug: CLIENT -> SERVER:             color: #777;
PHPMailer Debug: CLIENT -> SERVER:         }
PHPMailer Debug: CLIENT -> SERVER:         .button {
PHPMailer Debug: CLIENT -> SERVER:             display: inline-block;
PHPMailer Debug: CLIENT -> SERVER:             background-color: #4CAF50;
PHPMailer Debug: CLIENT -> SERVER:             color: white;
PHPMailer Debug: CLIENT -> SERVER:             text-decoration: none;
PHPMailer Debug: CLIENT -> SERVER:             padding: 10px 20px;
PHPMailer Debug: CLIENT -> SERVER:             border-radius: 5px;
PHPMailer Debug: CLIENT -> SERVER:             margin-top: 20px;
PHPMailer Debug: CLIENT -> SERVER:         }
PHPMailer Debug: CLIENT -> SERVER:         .credentials {
PHPMailer Debug: CLIENT -> SERVER:             background-color: #eee;
PHPMailer Debug: CLIENT -> SERVER:             padding: 10px;
PHPMailer Debug: CLIENT -> SERVER:             margin: 15px 0;
PHPMailer Debug: CLIENT -> SERVER:             border-radius: 5px;
PHPMailer Debug: CLIENT -> SERVER:             border-left: 4px solid #4CAF50;
PHPMailer Debug: CLIENT -> SERVER:         }
PHPMailer Debug: CLIENT -> SERVER:     </style>
PHPMailer Debug: CLIENT -> SERVER: </head>
PHPMailer Debug: CLIENT -> SERVER: <body>
PHPMailer Debug: CLIENT -> SERVER:     <div class="container">
PHPMailer Debug: CLIENT -> SERVER:         <div class="header">
PHPMailer Debug: CLIENT -> SERVER:             <h1>¡Bienvenido a Clínica!</h1>
PHPMailer Debug: CLIENT -> SERVER:         </div>
PHPMailer Debug: CLIENT -> SERVER:         <div class="content">
PHPMailer Debug: CLIENT -> SERVER:             <p>Estimado/a <strong>celso venegas</strong>,</p>
PHPMailer Debug: CLIENT -> SERVER:             
PHPMailer Debug: CLIENT -> SERVER:             <p>¡Gracias por registrarte en nuestro sistema de Clínica! Estamos encantados de tenerte como parte de nuestra comunidad.</p>
PHPMailer Debug: CLIENT -> SERVER:             
PHPMailer Debug: CLIENT -> SERVER:             <p>A continuación, encontrarás tus credenciales de acceso:</p>
PHPMailer Debug: CLIENT -> SERVER:             
PHPMailer Debug: CLIENT -> SERVER:             <div class="credentials">
PHPMailer Debug: CLIENT -> SERVER:                 <p><strong>Usuario:</strong> celso@celso.com</p>
PHPMailer Debug: CLIENT -> SERVER:                 <p><strong>Contraseña:</strong> CxkzT542</p>
PHPMailer Debug: CLIENT -> SERVER:             </div>
PHPMailer Debug: CLIENT -> SERVER:             
PHPMailer Debug: CLIENT -> SERVER:             <p>Para acceder al sistema, por favor haz clic en el siguiente enlace:</p>
PHPMailer Debug: CLIENT -> SERVER:             
PHPMailer Debug: CLIENT -> SERVER:             <a href="http://localhost/clinica/public_reservas" class="button">Iniciar Sesión</a>
PHPMailer Debug: CLIENT -> SERVER:             
PHPMailer Debug: CLIENT -> SERVER:             <p>Por razones de seguridad, te recomendamos cambiar tu contraseña después del primer inicio de sesión.</p>
PHPMailer Debug: CLIENT -> SERVER:             
PHPMailer Debug: CLIENT -> SERVER:             <p>Si tienes alguna pregunta o necesitas ayuda, no dudes en contactarnos.</p>
PHPMailer Debug: CLIENT -> SERVER:             
PHPMailer Debug: CLIENT -> SERVER:             <p>¡Saludos cordiales!</p>
PHPMailer Debug: CLIENT -> SERVER:             <p><strong>El equipo de Clínica</strong></p>
PHPMailer Debug: CLIENT -> SERVER:         </div>
PHPMailer Debug: CLIENT -> SERVER:         <div class="footer">
PHPMailer Debug: CLIENT -> SERVER:             <p>Este es un correo electrónico automático. Por favor, no responder a este mensaje.</p>
PHPMailer Debug: CLIENT -> SERVER:             <p>&copy; 2025 Clínica. Todos los derechos reservados.</p>
PHPMailer Debug: CLIENT -> SERVER:         </div>
PHPMailer Debug: CLIENT -> SERVER:     </div>
PHPMailer Debug: CLIENT -> SERVER: </body>
PHPMailer Debug: CLIENT -> SERVER: </html>
PHPMailer Debug: CLIENT -> SERVER: 
PHPMailer Debug: CLIENT -> SERVER: 
PHPMailer Debug: CLIENT -> SERVER: --b1=_HyiyVvjFjfh8qhYGqbpxMMc4U1jeQNc93apVR2LKA--
PHPMailer Debug: CLIENT -> SERVER: 
PHPMailer Debug: CLIENT -> SERVER: .
PHPMailer Debug: SERVER -> CLIENT: 250 2.0.0 Ok: queued
PHPMailer Debug: CLIENT -> SERVER: QUIT
PHPMailer Debug: SERVER -> CLIENT: 221 2.0.0 Bye
✅ Correo enviado exitosamente a: celso@celso.com con contraseña: CxkzT542ctrRegisterUser: Credenciales enviadas por correo a: celso@celso.comctrRegisterUser: Registro exitoso para: celso@celso.com. Usuario debe hacer login manual.ctrRegisterUser: Registro exitoso sin inicio de sesión automático: {"error":false,"mensaje":"\u00a1Registro exitoso! Hemos enviado sus credenciales de acceso a celso@celso.com. Por favor, revise su correo e inicie sesi\u00f3n.","email_sent":true,"redirect_to_login":true}Resultado de registro en index.php: {"error":false,"mensaje":"\u00a1Registro exitoso! Hemos enviado sus credenciales de acceso a celso@celso.com. Por favor, revise su correo e inicie sesi\u00f3n.","email_sent":true,"redirect_to_login":true}POST data: {"action":"login","email":"celso@celso.com","password":"******","rememberMe":"on"}ctrLoginUser: Función llamada. POST: {"action":"login","email":"celso@celso.com","password":"CxkzT542","rememberMe":"on"}ctrLoginUser: Iniciando login para email: celso@celso.commdlVerificarUsuario: Verificando usuario con email celso@celso.commdlVerificarUsuario: Contraseña correcta para usuario ID 74ctrLoginUser: Resultado verificación usuario: {"error":false,"paciente_id":"74","person_id":86,"email":"celso@celso.com","nombre":"celso venegas"}ctrLoginUser: Sesión iniciada para usuario ID: 74mdlGuardarToken: Guardando token para paciente ID 74mdlEliminarToken: Eliminando token para paciente ID 74mdlEliminarToken: Error al eliminar token: SQLSTATE[42P01]: Undefined table: 7 ERROR:  relation "reservas_auth_tokens" does not exist
LINE 1: DELETE FROM reservas_auth_tokens WHERE paciente_id = $1
                    ^mdlGuardarToken: Error al guardar token: SQLSTATE[42P01]: Undefined table: 7 ERROR:  relation "reservas_auth_tokens" does not exist
LINE 1: INSERT INTO reservas_auth_tokens 
                    ^ctrLoginUser: Token guardado: noctrLoginUser: Login exitoso: {"error":false,"mensaje":"\u00a1Bienvenido\/a, celso venegas!","redirect":"index.php?accion=reservar"}Resultado de login en index.php: {"error":false,"mensaje":"\u00a1Bienvenido\/a, celso venegas!","redirect":"index.php?accion=reservar"}mdlObtenerPacientePorId: Error al buscar paciente: SQLSTATE[42P01]: Undefined table: 7 ERROR:  relation "reservas_pacientes_auth" does not exist
LINE 12:                     reservas_pacientes_auth pa ON p.person_i...
                             ^mdlObtenerPacienteDesdeUsuario: Buscando perfil de usuario con ID 74mdlObtenerPacienteDesdeUsuario: Perfil encontrado para person_id: 86mdlObtenerPacienteDesdeUsuario: Datos completos: {"person_id":86,"document_number":"5004617","birth_date":"1995-08-04","first_name":"celso","last_name":"venegas","phone_number":"0982313358","gender":null,"record_number":null,"address":null,"email":"celso@celso.com","department_id":null,"city_id":null,"is_minor":false,"guardian_name":null,"guardian_document":null,"created_at":"2025-07-19 15:03:57.815436-04","registered_by":null,"modified_by":null,"last_modified_at":null,"last_accessed_at":null,"owner_id":null,"is_active":true,"business_id":null,"profile_photo":null}mdlEliminarToken: Eliminando token para paciente ID 74mdlEliminarToken: Error al eliminar token: SQLSTATE[42P01]: Undefined table: 7 ERROR:  relation "reservas_auth_tokens" does not exist
LINE 1: DELETE FROM reservas_auth_tokens WHERE paciente_id = $1
                    ^POST data: {"action":"login","email":"celso@celso.com","password":"******","rememberMe":"on"}ctrLoginUser: Función llamada. POST: {"action":"login","email":"celso@celso.com","password":"ruiz123","rememberMe":"on"}ctrLoginUser: Iniciando login para email: celso@celso.commdlVerificarUsuario: Verificando usuario con email celso@celso.commdlVerificarUsuario: Contraseña incorrecta para email celso@celso.comctrLoginUser: Resultado verificación usuario: {"error":true,"mensaje":"Credenciales inv\u00e1lidas"}ctrLoginUser: Error de login: Credenciales inválidasResultado de login en index.php: {"error":true,"mensaje":"Credenciales inv\u00e1lidas"}POST data: {"action":"login","email":"celso@celso.com","password":"******","rememberMe":"on"}ctrLoginUser: Función llamada. POST: {"action":"login","email":"celso@celso.com","password":"$2y$10$NLquVKlFXqlq2Yo4a8.fKOME4GKttkxhqBgJ7Gb0rJK2XloV11WvK","rememberMe":"on"}ctrLoginUser: Iniciando login para email: celso@celso.commdlVerificarUsuario: Verificando usuario con email celso@celso.commdlVerificarUsuario: Contraseña incorrecta para email celso@celso.comctrLoginUser: Resultado verificación usuario: {"error":true,"mensaje":"Credenciales inv\u00e1lidas"}ctrLoginUser: Error de login: Credenciales inválidasResultado de login en index.php: {"error":true,"mensaje":"Credenciales inv\u00e1lidas"}POST data: {"action":"login","email":"celso@celso.com","password":"******","rememberMe":"on"}ctrLoginUser: Función llamada. POST: {"action":"login","email":"celso@celso.com","password":"CxkzT542","rememberMe":"on"}ctrLoginUser: Iniciando login para email: celso@celso.commdlVerificarUsuario: Verificando usuario con email celso@celso.commdlVerificarUsuario: Contraseña correcta para usuario ID 74ctrLoginUser: Resultado verificación usuario: {"error":false,"paciente_id":"74","person_id":86,"email":"celso@celso.com","nombre":"celso venegas"}ctrLoginUser: Sesión iniciada para usuario ID: 74mdlGuardarToken: Guardando token para paciente ID 74mdlEliminarToken: Eliminando token para paciente ID 74mdlEliminarToken: Error al eliminar token: SQLSTATE[42P01]: Undefined table: 7 ERROR:  relation "reservas_auth_tokens" does not exist
LINE 1: DELETE FROM reservas_auth_tokens WHERE paciente_id = $1
                    ^mdlGuardarToken: Error al guardar token: SQLSTATE[42P01]: Undefined table: 7 ERROR:  relation "reservas_auth_tokens" does not exist
LINE 1: INSERT INTO reservas_auth_tokens 
                    ^ctrLoginUser: Token guardado: noctrLoginUser: Login exitoso: {"error":false,"mensaje":"\u00a1Bienvenido\/a, celso venegas!","redirect":"index.php?accion=reservar"}Resultado de login en index.php: {"error":false,"mensaje":"\u00a1Bienvenido\/a, celso venegas!","redirect":"index.php?accion=reservar"}mdlObtenerPacientePorId: Error al buscar paciente: SQLSTATE[42P01]: Undefined table: 7 ERROR:  relation "reservas_pacientes_auth" does not exist
LINE 12:                     reservas_pacientes_auth pa ON p.person_i...
                             ^mdlObtenerPacienteDesdeUsuario: Buscando perfil de usuario con ID 74mdlObtenerPacienteDesdeUsuario: Perfil encontrado para person_id: 86mdlObtenerPacienteDesdeUsuario: Datos completos: {"person_id":86,"document_number":"5004617","birth_date":"1995-08-04","first_name":"celso","last_name":"venegas","phone_number":"0982313358","gender":"M","record_number":null,"address":"madrid","email":"celso@celso.com","department_id":null,"city_id":null,"is_minor":false,"guardian_name":null,"guardian_document":null,"created_at":"2025-07-19 15:03:57.815436-04","registered_by":null,"modified_by":null,"last_modified_at":"2025-07-19 15:17:18.09067-04","last_accessed_at":null,"owner_id":null,"is_active":true,"business_id":null,"profile_photo":null}