2025-07-09 23:54:03 [ANTEOJOS] Iniciando proceso de guardar consulta anteojos - {"POST":{"form_type":"anteojos","txtdocumento":"88867676767","txtficha":"3245435435","idPersona":"45","motivoscomunes":"15","formatoConsulta":"12","txtmotivo":"Concutibitis, prueba 5","od_esf":"+15.00","od_cil":"-0.25","ejeod":"5654","...":"(datos truncados)"}}
iles":{"name":"","full_path":"","type":"","tmp_name":"","error":4,"size":0}}}
2025-07-09 23:54:03 [CONSULTA] Iniciando proceso de guardar consulta - {"POST":{"form_type":"anteojos","txtdocumento":"88867676767","txtficha":"3245435435","idPersona":"45","motivoscomunes":"15","formatoConsulta":"12","txtmotivo":"Concutibitis, prueba 5","od_esf":"+15.00","od_cil":"-0.25","ejeod":"5654","...":"(datos truncados)"},"FILES":{"files":{"name":"","full_path":"","type":"","tmp_name":"","error":4,"size":0}}}
2025-07-09 23:54:03 [ESTRUCTURA] Estructura de tabla consultas verificada - {"columnas":{"0":"id_consulta","1":"id_persona","2":"proximaconsulta","3":"id_user","4":"id_reserva","5":"fecha_registro","6":"ultima_modificacion","7":"datos_especificos","8":"consulta_textarea","9":"receta_textarea","...":"(datos truncados)"}}
2025-07-09 23:54:03 [ESTRUCTURA] Estructura de tabla rh_person verificada - {"columnas":{"0":"person_id","1":"department_id","2":"city_id","3":"is_minor","4":"created_at","5":"registered_by","6":"modified_by","7":"last_modified_at","8":"last_accessed_at","9":"owner_id","...":"(datos truncados)"}}
2025-07-09 23:54:03 [ESTRUCTURA] Estructura de tabla rh_person verificada - {"columnas":{"0":"person_id","1":"department_id","2":"city_id","3":"is_minor","4":"created_at","5":"registered_by","6":"modified_by","7":"last_modified_at","8":"last_accessed_at","9":"owner_id","...":"(datos truncados)"}}
2025-07-10 00:13:52 [CONSULTA] Iniciando proceso de guardar consulta - {"POST":{"form_type":"anteojos","txtdocumento":"88867676767","txtficha":"3245435435","idPersona":"45","motivoscomunes":"10","formatoConsulta":"12","txtmotivo":"prueba 5, Ojo seco","od_esf":"+14.75","od_cil":"-0.50","ejeod":"dsf","...":"(datos truncados)"},"FILES":{"files":{"name":"","full_path":"","type":"","tmp_name":"","error":4,"size":0}}}
2025-07-10 00:13:52 [ANTEOJOS] Iniciando proceso de guardar consulta anteojos - {"POST":{"form_type":"anteojos","txtdocumento":"88867676767","txtficha":"3245435435","idPersona":"45","motivoscomunes":"10","formatoConsulta":"12","txtmotivo":"prueba 5, Ojo seco","od_esf":"+14.75","od_cil":"-0.50","ejeod":"dsf","...":"(datos truncados)"}}
2025-07-10 00:13:52 [ESTRUCTURA] Estructura de tabla consultas verificada - {"columnas":{"0":"id_consulta","1":"id_persona","2":"proximaconsulta","3":"id_user","4":"id_reserva","5":"fecha_registro","6":"ultima_modificacion","7":"datos_especificos","8":"consulta_textarea","9":"receta_textarea","...":"(datos truncados)"}}
2025-07-10 00:13:52 [ESTRUCTURA] Estructura de tabla rh_person verificada - {"columnas":{"0":"person_id","1":"department_id","2":"city_id","3":"is_minor","4":"created_at","5":"registered_by","6":"modified_by","7":"last_modified_at","8":"last_accessed_at","9":"owner_id","...":"(datos truncados)"}}
2025-07-10 00:31:15 [ANTEOJOS] Iniciando proceso de guardar consulta anteojos - {"POST":{"form_type":"anteojos","txtdocumento":"88867676767","txtficha":"3245435435","idPersona":"45","motivoscomunes":"14","formatoConsulta":"12","txtmotivo":"Ojo seco, Concutibitis","od_esf":"+14.50","od_cil":"-0.50","ejeod":"sdf","...":"(datos truncados)"}}
2025-07-10 00:31:15 [CONSULTA] Iniciando proceso de guardar consulta - {"POST":{"form_type":"anteojos","txtdocumento":"88867676767","txtficha":"3245435435","idPersona":"45","motivoscomunes":"14","formatoConsulta":"12","txtmotivo":"Ojo seco, Concutibitis","od_esf":"+14.50","od_cil":"-0.50","ejeod":"sdf","...":"(datos truncados)"},"FILES":{"files":{"name":"","full_path":"","type":"","tmp_name":"","error":4,"size":0}}}
2025-07-10 00:31:15 [CONSULTA] Iniciando proceso de guardar consulta - {"POST":{"form_type":"anteojos","txtdocumento":"88867676767","txtficha":"3245435435","idPersona":"45","motivoscomunes":"14","formatoConsulta":"12","txtmotivo":"Ojo seco, Concutibitis","od_esf":"+14.50","od_cil":"-0.50","ejeod":"sdf","...":"(datos truncados)"},"FILES":[]}
2025-07-10 00:31:15 [ESTRUCTURA] Estructura de tabla consultas verificada - {"columnas":{"0":"id_consulta","1":"id_persona","2":"proximaconsulta","3":"id_user","4":"id_reserva","5":"fecha_registro","6":"ultima_modificacion","7":"datos_especificos","8":"consulta_textarea","9":"receta_textarea","...":"(datos truncados)"}}
2025-07-10 00:31:15 [ESTRUCTURA] Estructura de tabla consultas verificada - {"columnas":{"0":"id_consulta","1":"id_persona","2":"proximaconsulta","3":"id_user","4":"id_reserva","5":"fecha_registro","6":"ultima_modificacion","7":"datos_especificos","8":"consulta_textarea","9":"receta_textarea","...":"(datos truncados)"}}
2025-07-10 00:31:15 [ESTRUCTURA] Estructura de tabla rh_person verificada - {"columnas":{"0":"person_id","1":"department_id","2":"city_id","3":"is_minor","4":"created_at","5":"registered_by","6":"modified_by","7":"last_modified_at","8":"last_accessed_at","9":"owner_id","...":"(datos truncados)"}}
2025-07-10 00:31:15 [ESTRUCTURA] Estructura de tabla rh_person verificada - {"columnas":{"0":"person_id","1":"department_id","2":"city_id","3":"is_minor","4":"created_at","5":"registered_by","6":"modified_by","7":"last_modified_at","8":"last_accessed_at","9":"owner_id","...":"(datos truncados)"}}
2025-07-10 00:37:52 [ANTEOJOS] Iniciando proceso de guardar consulta anteojos - {"POST":{"form_type":"anteojos","txtdocumento":"88867676767","txtficha":"3245435435","idPersona":"45","motivoscomunes":"10","formatoConsulta":"12","txtmotivo":"Concutibitis, Ojo seco","od_esf":"+15.00","od_cil":"-0.50","ejeod":"dfg","...":"(datos truncados)"}}
2025-07-10 00:37:52 [CONSULTA] Iniciando proceso de guardar consulta - {"POST":{"form_type":"anteojos","txtdocumento":"88867676767","txtficha":"3245435435","idPersona":"45","motivoscomunes":"10","formatoConsulta":"12","txtmotivo":"Concutibitis, Ojo seco","od_esf":"+15.00","od_cil":"-0.50","ejeod":"dfg","...":"(datos truncados)"},"FILES":{"files":{"name":"","full_path":"","type":"","tmp_name":"","error":4,"size":0}}}
2025-07-10 00:37:52 [CONSULTA] Iniciando proceso de guardar consulta - {"POST":{"form_type":"anteojos","txtdocumento":"88867676767","txtficha":"3245435435","idPersona":"45","motivoscomunes":"10","formatoConsulta":"12","txtmotivo":"Concutibitis, Ojo seco","od_esf":"+15.00","od_cil":"-0.50","ejeod":"dfg","...":"(datos truncados)"},"FILES":[]}
2025-07-10 00:37:52 [ESTRUCTURA] Estructura de tabla consultas verificada - {"columnas":{"0":"id_consulta","1":"id_persona","2":"proximaconsulta","3":"id_user","4":"id_reserva","5":"fecha_registro","6":"ultima_modificacion","7":"datos_especificos","8":"consulta_textarea","9":"receta_textarea","...":"(datos truncados)"}}
2025-07-10 00:37:52 [ESTRUCTURA] Estructura de tabla consultas verificada - {"columnas":{"0":"id_consulta","1":"id_persona","2":"proximaconsulta","3":"id_user","4":"id_reserva","5":"fecha_registro","6":"ultima_modificacion","7":"datos_especificos","8":"consulta_textarea","9":"receta_textarea","...":"(datos truncados)"}}
2025-07-10 00:37:52 [ESTRUCTURA] Estructura de tabla rh_person verificada - {"columnas":{"0":"person_id","1":"department_id","2":"city_id","3":"is_minor","4":"created_at","5":"registered_by","6":"modified_by","7":"last_modified_at","8":"last_accessed_at","9":"owner_id","...":"(datos truncados)"}}
2025-07-10 00:37:52 [ESTRUCTURA] Estructura de tabla rh_person verificada - {"columnas":{"0":"person_id","1":"department_id","2":"city_id","3":"is_minor","4":"created_at","5":"registered_by","6":"modified_by","7":"last_modified_at","8":"last_accessed_at","9":"owner_id","...":"(datos truncados)"}}
2025-07-10 00:41:06 [ANTEOJOS_GET] Iniciando obtención de datos de anteojos - {"GET":{"id_consulta":"52"}}
2025-07-10 00:41:06 [ANTEOJOS] Iniciando proceso de guardar consulta anteojos - {"POST":[]}
2025-07-10 00:42:19 [ANTEOJOS_GET] Iniciando obtención de datos de anteojos - {"GET":{"id_consulta":"52"}}
2025-07-10 00:42:19 [ANTEOJOS] Iniciando proceso de guardar consulta anteojos - {"POST":[]}
