2025-07-27 18:01:17 - INICIO DEBUG
POST: Array
(
    [txtdocumento] => 6767677667
    [txtficha] => 345435435
    [idPersona] => 46
    [motivoscomunes] => Seleccionar
    [txtmotivo] => 
    [equipoMedico] => Cirrus 700
    [formatoConsulta] => 30
    [descripcion-od-textarea] => <p>dsfds</p>
    [descripcion-oi-textarea] => <p>sdfsd</p>
    [id_persona_file] => 46
    [id_usuario] => 1
    [id_consulta_file] => 
    [id_user] => 9
)

FILES: Array
(
    [archivo_od] => Array
        (
            [name] => Array
                (
                    [0] => formulario 3.jpg
                )

            [full_path] => Array
                (
                    [0] => formulario 3.jpg
                )

            [type] => Array
                (
                    [0] => image/jpeg
                )

            [tmp_name] => Array
                (
                    [0] => C:\Users\Guido\AppData\Local\Temp\php7A24.tmp
                )

            [error] => Array
                (
                    [0] => 0
                )

            [size] => Array
                (
                    [0] => 149926
                )

        )

    [archivo_oi] => Array
        (
            [name] => Array
                (
                    [0] => formulario 3.jpg
                )

            [full_path] => Array
                (
                    [0] => formulario 3.jpg
                )

            [type] => Array
                (
                    [0] => image/jpeg
                )

            [tmp_name] => Array
                (
                    [0] => C:\Users\Guido\AppData\Local\Temp\php7A25.tmp
                )

            [error] => Array
                (
                    [0] => 0
                )

            [size] => Array
                (
                    [0] => 149926
                )

        )

)

2025-07-27 18:01:17 - Intentando guardar consulta principal
2025-07-27 18:01:18 - Resultado consulta principal: 95
2025-07-27 18:01:18 - Datos específicos extraídos
Equipo: Cirrus 700
Descripción OD: 12 chars
Descripción OI: 12 chars
2025-07-27 18:01:18 - Procesando archivos OD
Archivos recibidos: Array
(
    [name] => Array
        (
            [0] => formulario 3.jpg
        )

    [full_path] => Array
        (
            [0] => formulario 3.jpg
        )

    [type] => Array
        (
            [0] => image/jpeg
        )

    [tmp_name] => Array
        (
            [0] => C:\Users\Guido\AppData\Local\Temp\php7A24.tmp
        )

    [error] => Array
        (
            [0] => 0
        )

    [size] => Array
        (
            [0] => 149926
        )

)

2025-07-27 18:01:18 - Procesando archivo OD #0: formulario 3.jpg, Error: 0
2025-07-27 18:01:18 - Archivo OD guardado exitosamente: formulario 3.jpg -> 95_OD_1753639278_0.jpg
Info archivo: Array
(
    [nombre_original] => formulario 3.jpg
    [nombre_archivo] => 95_OD_1753639278_0.jpg
    [ruta] => view/uploads/consultas/informe_imagen/95_OD_1753639278_0.jpg
    [tamano] => 149926
    [fecha_subida] => 2025-07-27 18:01:18
    [ojo] => od
)

2025-07-27 18:01:18 - Procesando archivos OI
Archivos recibidos: Array
(
    [name] => Array
        (
            [0] => formulario 3.jpg
        )

    [full_path] => Array
        (
            [0] => formulario 3.jpg
        )

    [type] => Array
        (
            [0] => image/jpeg
        )

    [tmp_name] => Array
        (
            [0] => C:\Users\Guido\AppData\Local\Temp\php7A25.tmp
        )

    [error] => Array
        (
            [0] => 0
        )

    [size] => Array
        (
            [0] => 149926
        )

)

2025-07-27 18:01:18 - Procesando archivo OI #0: formulario 3.jpg, Error: 0
2025-07-27 18:01:18 - Archivo OI guardado exitosamente: formulario 3.jpg -> 95_OI_1753639278_0.jpg
Info archivo: Array
(
    [nombre_original] => formulario 3.jpg
    [nombre_archivo] => 95_OI_1753639278_0.jpg
    [ruta] => view/uploads/consultas/informe_imagen/95_OI_1753639278_0.jpg
    [tamano] => 149926
    [fecha_subida] => 2025-07-27 18:01:18
    [ojo] => oi
)

2025-07-27 18:01:18 - Archivos procesados: OD=1, OI=1
2025-07-27 18:01:18 - Preparando inserción:
ID Consulta: 95
Equipo: Cirrus 700
Archivos OD JSON: [{"nombre_original":"formulario 3.jpg","nombre_archivo":"95_OD_1753639278_0.jpg","ruta":"view\/uploads\/consultas\/informe_imagen\/95_OD_1753639278_0.jpg","tamano":149926,"fecha_subida":"2025-07-27 18:01:18","ojo":"od"}]
Archivos OI JSON: [{"nombre_original":"formulario 3.jpg","nombre_archivo":"95_OI_1753639278_0.jpg","ruta":"view\/uploads\/consultas\/informe_imagen\/95_OI_1753639278_0.jpg","tamano":149926,"fecha_subida":"2025-07-27 18:01:18","ojo":"oi"}]
2025-07-27 18:01:18 - Resultado inserción informe: OK
2025-07-27 18:01:18 - EXITO COMPLETO: ID 95
2025-07-27 18:01:18 - FIN DEBUG

2025-07-27 18:33:55 - INICIO DEBUG
POST: Array
(
    [txtdocumento] => 741852
    [txtficha] => 555555555555
    [idPersona] => 61
    [motivoscomunes] => Seleccionar
    [txtmotivo] => 
    [equipoMedico] => Cirrus 700
    [formatoConsulta] => 30
    [id_persona_file] => 61
    [id_usuario] => 1
    [id_consulta_file] => 
    [id_user] => 9
    [descripcion-od-textarea] => <p>eeeeeeeeeeeeeeee</p>
    [descripcion-oi-textarea] => <p>rrrrrrrrrrrrrrrrr</p>
    [consulta-textarea] => <p><strong style="margin: 0px; padding: 0px; color: rgb(0, 0, 0); font-family: &quot;Open Sans&quot;, Arial, sans-serif; text-align: justify;">Lorem Ipsum</strong><span style="color: rgb(0, 0, 0); font-family: &quot;Open Sans&quot;, Arial, sans-serif; text-align: justify;">&nbsp;es simplemente el texto de relleno de las imprentas y archivos de texto. Lorem Ipsum ha sido el texto de relleno estándar de las industrias desde el año 1500, cuando un impresor (N. del T. persona que se dedica a la imprenta) desconocido usó una galería de textos y los mezcló de tal manera que logró hacer un libro de textos especimen. No sólo sobrevivió 500 años, sino que tambien ingresó como texto de relleno en documentos electrónicos, quedando esencialmente igual al original. Fue popularizado en los 60s con la creación de las hojas "Letraset", las cuales contenian pasajes de Lorem Ipsum, y más recientemente con software de autoedición, como por ejemplo Aldus PageMaker, el cual incluye versiones de Lorem Ipsum.</span></p>
)

FILES: Array
(
    [archivo_od] => Array
        (
            [name] => Array
                (
                    [0] => formulario 3.jpg
                )

            [full_path] => Array
                (
                    [0] => formulario 3.jpg
                )

            [type] => Array
                (
                    [0] => image/jpeg
                )

            [tmp_name] => Array
                (
                    [0] => C:\Users\Guido\AppData\Local\Temp\php5AB5.tmp
                )

            [error] => Array
                (
                    [0] => 0
                )

            [size] => Array
                (
                    [0] => 149926
                )

        )

    [archivo_oi] => Array
        (
            [name] => Array
                (
                    [0] => formulario 2.jpg
                )

            [full_path] => Array
                (
                    [0] => formulario 2.jpg
                )

            [type] => Array
                (
                    [0] => image/jpeg
                )

            [tmp_name] => Array
                (
                    [0] => C:\Users\Guido\AppData\Local\Temp\php5AB6.tmp
                )

            [error] => Array
                (
                    [0] => 0
                )

            [size] => Array
                (
                    [0] => 162158
                )

        )

)

2025-07-27 18:33:55 - Intentando guardar consulta principal
2025-07-27 18:33:56 - Resultado consulta principal: 96
2025-07-27 18:33:56 - Datos específicos extraídos
Equipo: Cirrus 700
Descripción OD: 23 chars
Descripción OI: 24 chars
2025-07-27 18:33:56 - Procesando archivos OD
Archivos recibidos: Array
(
    [name] => Array
        (
            [0] => formulario 3.jpg
        )

    [full_path] => Array
        (
            [0] => formulario 3.jpg
        )

    [type] => Array
        (
            [0] => image/jpeg
        )

    [tmp_name] => Array
        (
            [0] => C:\Users\Guido\AppData\Local\Temp\php5AB5.tmp
        )

    [error] => Array
        (
            [0] => 0
        )

    [size] => Array
        (
            [0] => 149926
        )

)

2025-07-27 18:33:56 - Procesando archivo OD #0: formulario 3.jpg, Error: 0
2025-07-27 18:33:56 - Archivo OD guardado exitosamente: formulario 3.jpg -> 96_OD_1753641236_0.jpg
Info archivo: Array
(
    [nombre_original] => formulario 3.jpg
    [nombre_archivo] => 96_OD_1753641236_0.jpg
    [ruta] => view/uploads/consultas/informe_imagen/96_OD_1753641236_0.jpg
    [tamano] => 149926
    [fecha_subida] => 2025-07-27 18:33:56
    [ojo] => od
)

2025-07-27 18:33:56 - Procesando archivos OI
Archivos recibidos: Array
(
    [name] => Array
        (
            [0] => formulario 2.jpg
        )

    [full_path] => Array
        (
            [0] => formulario 2.jpg
        )

    [type] => Array
        (
            [0] => image/jpeg
        )

    [tmp_name] => Array
        (
            [0] => C:\Users\Guido\AppData\Local\Temp\php5AB6.tmp
        )

    [error] => Array
        (
            [0] => 0
        )

    [size] => Array
        (
            [0] => 162158
        )

)

2025-07-27 18:33:56 - Procesando archivo OI #0: formulario 2.jpg, Error: 0
2025-07-27 18:33:56 - Archivo OI guardado exitosamente: formulario 2.jpg -> 96_OI_1753641236_0.jpg
Info archivo: Array
(
    [nombre_original] => formulario 2.jpg
    [nombre_archivo] => 96_OI_1753641236_0.jpg
    [ruta] => view/uploads/consultas/informe_imagen/96_OI_1753641236_0.jpg
    [tamano] => 162158
    [fecha_subida] => 2025-07-27 18:33:56
    [ojo] => oi
)

2025-07-27 18:33:56 - Archivos procesados: OD=1, OI=1
2025-07-27 18:33:56 - Preparando inserción:
ID Consulta: 96
Equipo: Cirrus 700
Archivos OD JSON: [{"nombre_original":"formulario 3.jpg","nombre_archivo":"96_OD_1753641236_0.jpg","ruta":"view\/uploads\/consultas\/informe_imagen\/96_OD_1753641236_0.jpg","tamano":149926,"fecha_subida":"2025-07-27 18:33:56","ojo":"od"}]
Archivos OI JSON: [{"nombre_original":"formulario 2.jpg","nombre_archivo":"96_OI_1753641236_0.jpg","ruta":"view\/uploads\/consultas\/informe_imagen\/96_OI_1753641236_0.jpg","tamano":162158,"fecha_subida":"2025-07-27 18:33:56","ojo":"oi"}]
2025-07-27 18:33:56 - Resultado inserción informe: OK
2025-07-27 18:33:56 - EXITO COMPLETO: ID 96
2025-07-27 18:33:56 - FIN DEBUG

