[2025-07-02 23:42:02] Creada carpeta de respaldo: backups/limpieza_2025-07-02_23-42-02
[2025-07-02 23:42:02] Iniciando proceso de limpieza de archivos de prueba...
[2025-07-02 23:42:02] Los archivos serán respaldados en: backups/limpieza_2025-07-02_23-42-02
[2025-07-02 23:42:02] Respaldado: test_api_powershell.ps1 -> backups/limpieza_2025-07-02_23-42-02/test_api_powershell.ps1
[2025-07-02 23:42:02] Eliminado: test_api_powershell.ps1
[2025-07-02 23:42:02] Respaldado: test_api_ps.ps1 -> backups/limpieza_2025-07-02_23-42-02/test_api_ps.ps1
[2025-07-02 23:42:02] Eliminado: test_api_ps.ps1
[2025-07-02 23:42:02] Respaldado: test_icd.js -> backups/limpieza_2025-07-02_23-42-02/test_icd.js
[2025-07-02 23:42:02] Eliminado: test_icd.js
[2025-07-02 23:42:02] Respaldado: public_reservas/test_form.php -> backups/limpieza_2025-07-02_23-42-02/test_form.php
[2025-07-02 23:42:02] Eliminado: public_reservas/test_form.php
[2025-07-02 23:42:02] Respaldado: public_reservas/test_reserva.php -> backups/limpieza_2025-07-02_23-42-02/test_reserva.php
[2025-07-02 23:42:02] Eliminado: public_reservas/test_reserva.php
[2025-07-02 23:42:02] Respaldado: public_reservas/test_password.php -> backups/limpieza_2025-07-02_23-42-02/test_password.php
[2025-07-02 23:42:02] Eliminado: public_reservas/test_password.php
[2025-07-02 23:42:02] Respaldado: public_reservas/test_integration.php -> backups/limpieza_2025-07-02_23-42-02/test_integration.php
[2025-07-02 23:42:02] Eliminado: public_reservas/test_integration.php
[2025-07-02 23:42:02] Respaldado: public_reservas/test_form_process.php -> backups/limpieza_2025-07-02_23-42-02/test_form_process.php
[2025-07-02 23:42:02] Eliminado: public_reservas/test_form_process.php
[2025-07-02 23:42:02] Respaldado: public_reservas/direct_test.php -> backups/limpieza_2025-07-02_23-42-02/direct_test.php
[2025-07-02 23:42:02] Eliminado: public_reservas/direct_test.php
[2025-07-02 23:42:02] Respaldado: public_reservas/simular_login.php -> backups/limpieza_2025-07-02_23-42-02/simular_login.php
[2025-07-02 23:42:02] Eliminado: public_reservas/simular_login.php
[2025-07-02 23:42:02] === RESUMEN DE LA OPERACIÓN ===
[2025-07-02 23:42:02] Archivos procesados exitosamente: 10
[2025-07-02 23:42:02] Errores: 0
[2025-07-02 23:42:02] Operación completada. Revisa el log para más detalles: logs/limpieza_2025-07-02.log
[2025-07-02 23:42:02] Se ha creado un README.md en la carpeta de respaldo con información detallada.
