=== DEBUG MOTIVOS ===
Tipo formulario recibido: informe_imagen
POST data: Array
(
    [accion] => listar_por_tipo
    [tipo_formulario] => informe_imagen
)

ERROR: SQLSTATE[42883]: Undefined function: 7 ERROR:  operator does not exist: boolean = integer
LINE 1: ...vos_comunes WHERE tipo_formulario = $1 AND activo = 1 ORDER ...
                                                             ^
HINT:  No operator matches the given name and argument types. You might need to add explicit type casts.
=== DEBUG MOTIVOS ===
Tipo formulario recibido: informe_imagen
POST data: Array
(
    [accion] => listar_por_tipo
    [tipo_formulario] => informe_imagen
)

Encontrados 1 motivos
Motivos encontrados: Array
(
    [0] => Array
        (
            [id_motivo] => 26
            [nombre] => informeee
            [descripcion] => informeee
            [fecha_creacion] => 2025-07-27 21:21:54.651781
            [activo] => 1
            [tipo_formulario] => informe_imagen
        )

)

