[25-Jul-2025 22:57:54 UTC] Operación solicitada: getMotivosComunes
[25-Jul-2025 22:57:54 UTC] PHP Fatal error:  Uncaught Error: Class "ModelPreformatos" not found in C:\laragon\www\clinica\controller\preformatos.controller.php:9
Stack trace:
#0 C:\laragon\www\clinica\ajax\preformatos.ajax.php(32): ControllerPreformatos::ctrGetMotivosComunes('general')
#1 C:\laragon\www\clinica\ajax\preformatos.ajax.php(383): PreformatosAjax->ajaxGetMotivosComunes('general')
#2 {main}
  thrown in C:\laragon\www\clinica\controller\preformatos.controller.php on line 9
[25-Jul-2025 22:57:57 UTC] Operación solicitada: getPreformatos
[25-Jul-2025 22:58:02 UTC] Operación solicitada: getDoctorByUserId
[25-Jul-2025 22:58:02 UTC] Buscando doctor para el usuario ID: 1
[25-Jul-2025 22:58:02 UTC] PHP Fatal error:  Uncaught Error: Class "Conexion" not found in C:\laragon\www\clinica\ajax\preformatos.ajax.php:300
Stack trace:
#0 C:\laragon\www\clinica\ajax\preformatos.ajax.php(471): PreformatosAjax->ajaxGetDoctorByUserId('1')
#1 {main}
  thrown in C:\laragon\www\clinica\ajax\preformatos.ajax.php on line 300
[25-Jul-2025 22:59:39 UTC] Operación solicitada: getAllPreformatos
[25-Jul-2025 22:59:39 UTC] Operación solicitada: getDoctorByUserId
[25-Jul-2025 22:59:39 UTC] Filtrando preformatos por usuario_id: 9
[25-Jul-2025 22:59:39 UTC] Filtros aplicados: {"creado_por":"9"}
[25-Jul-2025 22:59:39 UTC] Buscando doctor para el usuario ID: 9
[25-Jul-2025 22:59:39 UTC] PHP Fatal error:  Uncaught Error: Class "ModelPreformatos" not found in C:\laragon\www\clinica\controller\preformatos.controller.php:80
Stack trace:
#0 C:\laragon\www\clinica\ajax\preformatos.ajax.php(187): ControllerPreformatos::ctrGetAllPreformatos(Array)
#1 C:\laragon\www\clinica\ajax\preformatos.ajax.php(427): PreformatosAjax->ajaxGetAllPreformatos(Array)
#2 {main}
  thrown in C:\laragon\www\clinica\controller\preformatos.controller.php on line 80
[25-Jul-2025 22:59:39 UTC] PHP Fatal error:  Uncaught Error: Class "Conexion" not found in C:\laragon\www\clinica\ajax\preformatos.ajax.php:300
Stack trace:
#0 C:\laragon\www\clinica\ajax\preformatos.ajax.php(471): PreformatosAjax->ajaxGetDoctorByUserId('9')
#1 {main}
  thrown in C:\laragon\www\clinica\ajax\preformatos.ajax.php on line 300
[25-Jul-2025 23:03:15 UTC] Operación solicitada: getDoctorByUserId
[25-Jul-2025 23:03:15 UTC] Buscando doctor para el usuario ID: 1
[25-Jul-2025 23:03:15 UTC] PHP Fatal error:  Uncaught Error: Class "Conexion" not found in C:\laragon\www\clinica\ajax\preformatos.ajax.php:300
Stack trace:
#0 C:\laragon\www\clinica\ajax\preformatos.ajax.php(471): PreformatosAjax->ajaxGetDoctorByUserId('1')
#1 {main}
  thrown in C:\laragon\www\clinica\ajax\preformatos.ajax.php on line 300
[25-Jul-2025 23:03:16 UTC] Operación solicitada: getPreformatosConsulta
[25-Jul-2025 23:03:16 UTC] ajaxGetPreformatos - Tipo: consulta, User ID: 1, Tipo Formulario: general
[25-Jul-2025 23:03:16 UTC] PHP Fatal error:  Uncaught Error: Class "Conexion" not found in C:\laragon\www\clinica\ajax\preformatos.ajax.php:59
Stack trace:
#0 C:\laragon\www\clinica\ajax\preformatos.ajax.php(389): PreformatosAjax->ajaxGetPreformatos('consulta', '1', 'general')
#1 {main}
  thrown in C:\laragon\www\clinica\ajax\preformatos.ajax.php on line 59
[25-Jul-2025 23:07:02 UTC] PHP Warning:  require_once(model/preformatos.model.php): Failed to open stream: No such file or directory in C:\laragon\www\clinica\controller\preformatos.controller.php on line 2
[25-Jul-2025 23:07:02 UTC] PHP Fatal error:  Uncaught Error: Failed opening required 'model/preformatos.model.php' (include_path='.;C:/laragon/etc/php/pear') in C:\laragon\www\clinica\controller\preformatos.controller.php:2
Stack trace:
#0 C:\laragon\www\clinica\ajax\preformatos.ajax.php(15): require_once()
#1 {main}
  thrown in C:\laragon\www\clinica\controller\preformatos.controller.php on line 2
[25-Jul-2025 23:07:05 UTC] PHP Warning:  require_once(model/preformatos.model.php): Failed to open stream: No such file or directory in C:\laragon\www\clinica\controller\preformatos.controller.php on line 2
[25-Jul-2025 23:07:05 UTC] PHP Fatal error:  Uncaught Error: Failed opening required 'model/preformatos.model.php' (include_path='.;C:/laragon/etc/php/pear') in C:\laragon\www\clinica\controller\preformatos.controller.php:2
Stack trace:
#0 C:\laragon\www\clinica\ajax\preformatos.ajax.php(15): require_once()
#1 {main}
  thrown in C:\laragon\www\clinica\controller\preformatos.controller.php on line 2
[25-Jul-2025 23:07:06 UTC] PHP Warning:  require_once(model/preformatos.model.php): Failed to open stream: No such file or directory in C:\laragon\www\clinica\controller\preformatos.controller.php on line 2
[25-Jul-2025 23:07:06 UTC] PHP Fatal error:  Uncaught Error: Failed opening required 'model/preformatos.model.php' (include_path='.;C:/laragon/etc/php/pear') in C:\laragon\www\clinica\controller\preformatos.controller.php:2
Stack trace:
#0 C:\laragon\www\clinica\ajax\preformatos.ajax.php(15): require_once()
#1 {main}
  thrown in C:\laragon\www\clinica\controller\preformatos.controller.php on line 2
[25-Jul-2025 23:07:52 UTC] PHP Warning:  require_once(model/preformatos.model.php): Failed to open stream: No such file or directory in C:\laragon\www\clinica\controller\preformatos.controller.php on line 2
[25-Jul-2025 23:07:52 UTC] PHP Warning:  require_once(model/preformatos.model.php): Failed to open stream: No such file or directory in C:\laragon\www\clinica\controller\preformatos.controller.php on line 2
[25-Jul-2025 23:07:52 UTC] PHP Fatal error:  Uncaught Error: Failed opening required 'model/preformatos.model.php' (include_path='.;C:/laragon/etc/php/pear') in C:\laragon\www\clinica\controller\preformatos.controller.php:2
Stack trace:
#0 C:\laragon\www\clinica\ajax\preformatos.ajax.php(15): require_once()
#1 {main}
  thrown in C:\laragon\www\clinica\controller\preformatos.controller.php on line 2
[25-Jul-2025 23:07:52 UTC] PHP Fatal error:  Uncaught Error: Failed opening required 'model/preformatos.model.php' (include_path='.;C:/laragon/etc/php/pear') in C:\laragon\www\clinica\controller\preformatos.controller.php:2
Stack trace:
#0 C:\laragon\www\clinica\ajax\preformatos.ajax.php(15): require_once()
#1 {main}
  thrown in C:\laragon\www\clinica\controller\preformatos.controller.php on line 2
[25-Jul-2025 23:13:14 UTC] PHP Warning:  require_once(model/preformatos.model.php): Failed to open stream: No such file or directory in C:\laragon\www\clinica\controller\preformatos.controller.php on line 2
[25-Jul-2025 23:13:14 UTC] PHP Fatal error:  Uncaught Error: Failed opening required 'model/preformatos.model.php' (include_path='.;C:/laragon/etc/php/pear') in C:\laragon\www\clinica\controller\preformatos.controller.php:2
Stack trace:
#0 C:\laragon\www\clinica\ajax\preformatos.ajax.php(15): require_once()
#1 {main}
  thrown in C:\laragon\www\clinica\controller\preformatos.controller.php on line 2
